[campaign] campaign     disk: projecting 670560000 bytes for 22 run(s) of 1200 frames at 25400 bytes/frame (including the self-test's 2 runs)
[campaign] campaign     disk: 340221079552 bytes free, ceiling 8589934592
[campaign] campaign     per-capture bound: 73200000 bytes, derived from 1200 frames. It is three times the measured per-frame capture cost, so a run that reaches it has overrun its projection rather than merely run.
[campaign] campaign     stop predicate: A run is finished when the engine's frame number, as published on sim/engine/state, reaches 1200.
[campaign] campaign     run timeout: 600000 ms (backstop; never the definition of the end)
[campaign] campaign     gate basis: bytes. OQ-2 is UNANSWERED - whether the gate is keyed on content or on bytes is out with the owner of the brief. Both comparisons are run and both are reported; the basis chooses which one decides.
[campaign] self-test    CR-DET-1: the same configuration, run twice, compared. [B] step 4 makes this a hard stop, so no campaign run is attempted until it passes.
[campaign] self-test    its two runs are NOT campaign runs. They land in C:\Projects\EXT-17\campaigns\m4-bytes\selftest\runs and are never counted among the campaign's outcomes.
[campaign] self-test    run 000 of 2
[campaign] run          === run 000 : "Atacama Air Defense" ===
[campaign] start        recorder pid 10228 -> C:\Projects\EXT-17\campaigns\m4-bytes\selftest\runs\000
[campaign] connect      client created, message pump started
[campaign] start        host pid 30848 cwd C:\Projects\EXT-17\campaigns\m4-bytes\selftest\runs\000\host
[campaign] observed     host ready (engine state published) -> state=idle frame=0 simTime=0.000 dt=0.00000 scenario=(none)
[campaign] publish      sim/scenario/command load_scenario "Atacama Air Defense"
[campaign] observed     scenario loaded -> state=idle frame=0 simTime=0.000 dt=0.00000 scenario=loaded(Atacama Air Defense)
[campaign] publish      sim/engine/command start
[campaign] observed     engine running -> state=running frame=0 simTime=0.000 dt=0.00000 scenario=loaded(Atacama Air Defense)
[campaign] run          watching for: A run is finished when the engine's frame number, as published on sim/engine/state, reaches 1200.
[campaign] observed     stop predicate satisfied -> state=running frame=1200 simTime=60.000 dt=0.05000 scenario=loaded(Atacama Air Defense)
[campaign] publish      sim/engine/command stop
[campaign] observed     engine idle after stop -> state=idle frame=0 simTime=0.000 dt=0.00000 scenario=loaded(Atacama Air Defense)
[campaign] teardown     host pid 30848 exit 3221225786 (on its own)
[campaign] teardown     recorder pid 10228 exit 0 (on its own)
[campaign] capture      read back: 50550 samples over 2 segment key(s) for 2 run segment(s), end_reason host_lost, conformant
[campaign] record       C:\Projects\EXT-17\campaigns\m4-bytes\selftest\runs\000\run.json (completed)
[campaign] run          run 000 -> completed
[campaign] self-test    run 001 of 2
[campaign] run          === run 001 : "Atacama Air Defense" ===
[campaign] start        recorder pid 22488 -> C:\Projects\EXT-17\campaigns\m4-bytes\selftest\runs\001
[campaign] connect      client created, message pump started
[campaign] start        host pid 36512 cwd C:\Projects\EXT-17\campaigns\m4-bytes\selftest\runs\001\host
[campaign] observed     host ready (engine state published) -> state=idle frame=0 simTime=0.000 dt=0.00000 scenario=(none)
[campaign] publish      sim/scenario/command load_scenario "Atacama Air Defense"
[campaign] observed     scenario loaded -> state=idle frame=0 simTime=0.000 dt=0.00000 scenario=loaded(Atacama Air Defense)
[campaign] publish      sim/engine/command start
[campaign] observed     engine running -> state=running frame=0 simTime=0.000 dt=0.00000 scenario=loaded(Atacama Air Defense)
[campaign] run          watching for: A run is finished when the engine's frame number, as published on sim/engine/state, reaches 1200.
[campaign] observed     stop predicate satisfied -> state=running frame=1200 simTime=60.000 dt=0.05000 scenario=loaded(Atacama Air Defense)
[campaign] publish      sim/engine/command stop
[campaign] observed     engine idle after stop -> state=idle frame=0 simTime=0.000 dt=0.00000 scenario=loaded(Atacama Air Defense)
[campaign] teardown     host pid 36512 exit 3221225786 (on its own)
[campaign] teardown     recorder pid 22488 exit 0 (on its own)
[campaign] capture      read back: 50464 samples over 2 segment key(s) for 2 run segment(s), end_reason host_lost, conformant
[campaign] record       C:\Projects\EXT-17\campaigns\m4-bytes\selftest\runs\001\run.json (completed)
[campaign] run          run 001 -> completed
[campaign] self-test    determinism self-test
[campaign] self-test      runs                  000  against  001
[campaign] self-test      gate basis            bytes   (ADR-1: the content basis is THIS PROJECT'S decision, not the client's)
[campaign] self-test      OQ-2                  UNANSWERED. Whether the gate is keyed on content or on bytes is out with the
[campaign] self-test                            owner of the brief and has not been ruled on. Both comparisons are run and
[campaign] self-test                            reported below; the basis above chooses which one decides, and nothing else.
[campaign] self-test    
[campaign] self-test      REFUSED               no_comparable_segment
[campaign] self-test                            no segment is running in BOTH runs, so there is nothing that can be aligned. Excluding a frozen or indeterminate segment is correct; having none left is not a pass.
[campaign] self-test    
[campaign] campaign     self-test -> C:\Projects\EXT-17\campaigns\m4-bytes\selftest\self-test.json
[campaign] campaign     self-test: infrastructure_error
[campaign] campaign     the determinism self-test did not pass, so NO campaign run has been attempted. [B] step 4: "Do not build further until it passes." The reason is in C:\Projects\EXT-17\campaigns\m4-bytes\selftest\self-test.json under "outcome" and "detail".
