[campaign] spike        === v110-000 : does a Red raid at this speed still make sense; the scenario authors 55 m/s ===
[campaign] run          === run v110-000 : "Atacama Air Defense" ===
[campaign] start        recorder pid 35752 -> C:\Projects\EXT-17\campaigns\m5-oq4-pair\v110-000
[campaign] connect      client created, message pump started
[campaign] start        host pid 4736 cwd C:\Projects\EXT-17\campaigns\m5-oq4-pair\v110-000\host
[campaign] observed     host ready (engine state published) -> state=idle frame=0 simTime=0.000 dt=0.00000 scenario=(none)
[campaign] publish      sim/scenario/command load_scenario "Atacama Air Defense"
[campaign] observed     scenario loaded -> state=idle frame=0 simTime=0.000 dt=0.00000 scenario=loaded(Atacama Air Defense)
[campaign] axis         applying the after-load, before-start hook
[campaign] spike        set velocity on 30 of 30 Red UAV(s) before start
[campaign] publish      sim/engine/command start
[campaign] observed     engine running -> state=running frame=0 simTime=0.000 dt=0.00000 scenario=loaded(Atacama Air Defense)
[campaign] run          watching for: A run is finished when the engine's frame number, as published on sim/engine/state, reaches 1200.
[campaign] observed     stop predicate satisfied -> state=running frame=1200 simTime=60.000 dt=0.05000 scenario=loaded(Atacama Air Defense)
[campaign] publish      sim/engine/command stop
[campaign] observed     engine idle after stop -> state=idle frame=0 simTime=0.000 dt=0.00000 scenario=loaded(Atacama Air Defense)
[campaign] teardown     host pid 4736 exit 3221225786 (on its own)
[campaign] teardown     recorder pid 35752 exit 0 (on its own)
[campaign] capture      read back: 49086 samples over 2 segment key(s) for 2 run segment(s), end_reason host_lost, conformant
[campaign] record       C:\Projects\EXT-17\campaigns\m5-oq4-pair\v110-000\run.json (completed)
[campaign] run          run v110-000 -> completed
[campaign] spike        === v110-001 : does a Red raid at this speed still make sense; the scenario authors 55 m/s ===
[campaign] run          === run v110-001 : "Atacama Air Defense" ===
[campaign] start        recorder pid 14732 -> C:\Projects\EXT-17\campaigns\m5-oq4-pair\v110-001
[campaign] connect      client created, message pump started
[campaign] start        host pid 38236 cwd C:\Projects\EXT-17\campaigns\m5-oq4-pair\v110-001\host
[campaign] observed     host ready (engine state published) -> state=idle frame=0 simTime=0.000 dt=0.00000 scenario=(none)
[campaign] publish      sim/scenario/command load_scenario "Atacama Air Defense"
[campaign] observed     scenario loaded -> state=idle frame=0 simTime=0.000 dt=0.00000 scenario=loaded(Atacama Air Defense)
[campaign] axis         applying the after-load, before-start hook
[campaign] spike        set velocity on 30 of 30 Red UAV(s) before start
[campaign] publish      sim/engine/command start
[campaign] observed     engine running -> state=running frame=0 simTime=0.000 dt=0.00000 scenario=loaded(Atacama Air Defense)
[campaign] run          watching for: A run is finished when the engine's frame number, as published on sim/engine/state, reaches 1200.
[campaign] observed     stop predicate satisfied -> state=running frame=1200 simTime=60.000 dt=0.05000 scenario=loaded(Atacama Air Defense)
[campaign] publish      sim/engine/command stop
[campaign] observed     engine idle after stop -> state=idle frame=0 simTime=0.000 dt=0.00000 scenario=loaded(Atacama Air Defense)
[campaign] teardown     host pid 38236 exit 3221225786 (on its own)
[campaign] teardown     recorder pid 14732 exit 0 (on its own)
[campaign] capture      read back: 49061 samples over 2 segment key(s) for 2 run segment(s), end_reason host_lost, conformant
[campaign] record       C:\Projects\EXT-17\campaigns\m5-oq4-pair\v110-001\run.json (completed)
[campaign] run          run v110-001 -> completed
[campaign] spike        === v110-002 : does a Red raid at this speed still make sense; the scenario authors 55 m/s ===
[campaign] run          === run v110-002 : "Atacama Air Defense" ===
[campaign] start        recorder pid 36660 -> C:\Projects\EXT-17\campaigns\m5-oq4-pair\v110-002
[campaign] connect      client created, message pump started
[campaign] start        host pid 33628 cwd C:\Projects\EXT-17\campaigns\m5-oq4-pair\v110-002\host
[campaign] observed     host ready (engine state published) -> state=idle frame=0 simTime=0.000 dt=0.00000 scenario=(none)
[campaign] publish      sim/scenario/command load_scenario "Atacama Air Defense"
[campaign] observed     scenario loaded -> state=idle frame=0 simTime=0.000 dt=0.00000 scenario=loaded(Atacama Air Defense)
[campaign] axis         applying the after-load, before-start hook
[campaign] spike        set velocity on 30 of 30 Red UAV(s) before start
[campaign] publish      sim/engine/command start
[campaign] observed     engine running -> state=running frame=0 simTime=0.000 dt=0.00000 scenario=loaded(Atacama Air Defense)
[campaign] run          watching for: A run is finished when the engine's frame number, as published on sim/engine/state, reaches 1200.
[campaign] observed     stop predicate satisfied -> state=running frame=1200 simTime=60.000 dt=0.05000 scenario=loaded(Atacama Air Defense)
[campaign] publish      sim/engine/command stop
[campaign] observed     engine idle after stop -> state=idle frame=0 simTime=0.000 dt=0.00000 scenario=loaded(Atacama Air Defense)
[campaign] teardown     host pid 33628 exit 3221225786 (on its own)
[campaign] teardown     recorder pid 36660 exit 0 (on its own)
[campaign] capture      read back: 49104 samples over 2 segment key(s) for 2 run segment(s), end_reason host_lost, conformant
[campaign] record       C:\Projects\EXT-17\campaigns\m5-oq4-pair\v110-002\run.json (completed)
[campaign] run          run v110-002 -> completed
[campaign] spike        === v110-003 : does a Red raid at this speed still make sense; the scenario authors 55 m/s ===
[campaign] run          === run v110-003 : "Atacama Air Defense" ===
[campaign] start        recorder pid 3212 -> C:\Projects\EXT-17\campaigns\m5-oq4-pair\v110-003
[campaign] connect      client created, message pump started
[campaign] start        host pid 18564 cwd C:\Projects\EXT-17\campaigns\m5-oq4-pair\v110-003\host
[campaign] observed     host ready (engine state published) -> state=idle frame=0 simTime=0.000 dt=0.00000 scenario=(none)
[campaign] publish      sim/scenario/command load_scenario "Atacama Air Defense"
[campaign] observed     scenario loaded -> state=idle frame=0 simTime=0.000 dt=0.00000 scenario=loaded(Atacama Air Defense)
[campaign] axis         applying the after-load, before-start hook
[campaign] spike        set velocity on 30 of 30 Red UAV(s) before start
[campaign] publish      sim/engine/command start
[campaign] observed     engine running -> state=running frame=0 simTime=0.000 dt=0.00000 scenario=loaded(Atacama Air Defense)
[campaign] run          watching for: A run is finished when the engine's frame number, as published on sim/engine/state, reaches 1200.
[campaign] observed     stop predicate satisfied -> state=running frame=1200 simTime=60.000 dt=0.05000 scenario=loaded(Atacama Air Defense)
[campaign] publish      sim/engine/command stop
[campaign] observed     engine idle after stop -> state=idle frame=0 simTime=0.000 dt=0.00000 scenario=loaded(Atacama Air Defense)
[campaign] teardown     host pid 18564 exit 3221225786 (on its own)
[campaign] teardown     recorder pid 3212 exit 0 (on its own)
[campaign] capture      read back: 49099 samples over 2 segment key(s) for 2 run segment(s), end_reason host_lost, conformant
[campaign] record       C:\Projects\EXT-17\campaigns\m5-oq4-pair\v110-003\run.json (completed)
[campaign] run          run v110-003 -> completed
[campaign] spike        every probe completed
