[campaign] spike        === v11 : does a Red raid at this speed still make sense; the scenario authors 55 m/s ===
[campaign] run          === run v11 : "Atacama Air Defense" ===
[campaign] start        recorder pid 34716 -> C:\Projects\EXT-17\campaigns\m5-oq4\v11
[campaign] connect      client created, message pump started
[campaign] start        host pid 27360 cwd C:\Projects\EXT-17\campaigns\m5-oq4\v11\host
[campaign] observed     host ready (engine state published) -> state=idle frame=0 simTime=0.000 dt=0.00000 scenario=(none)
[campaign] publish      sim/scenario/command load_scenario "Atacama Air Defense"
[campaign] observed     scenario loaded -> state=idle frame=0 simTime=0.000 dt=0.00000 scenario=loaded(Atacama Air Defense)
[campaign] axis         applying the after-load, before-start hook
[campaign] spike        set velocity on 30 of 30 Red UAV(s) before start
[campaign] publish      sim/engine/command start
[campaign] observed     engine running -> state=running frame=0 simTime=0.000 dt=0.00000 scenario=loaded(Atacama Air Defense)
[campaign] run          watching for: A run is finished when the engine's frame number, as published on sim/engine/state, reaches 1200.
[campaign] observed     stop predicate satisfied -> state=running frame=1200 simTime=60.000 dt=0.05000 scenario=loaded(Atacama Air Defense)
[campaign] publish      sim/engine/command stop
[campaign] observed     engine idle after stop -> state=idle frame=0 simTime=0.000 dt=0.00000 scenario=loaded(Atacama Air Defense)
[campaign] teardown     host pid 27360 exit 3221225786 (on its own)
[campaign] teardown     recorder pid 34716 exit 0 (on its own)
[campaign] capture      read back: 50614 samples over 2 segment key(s) for 2 run segment(s), end_reason host_lost, conformant
[campaign] record       C:\Projects\EXT-17\campaigns\m5-oq4\v11\run.json (completed)
[campaign] run          run v11 -> completed
[campaign] spike        === v27p5 : does a Red raid at this speed still make sense; the scenario authors 55 m/s ===
[campaign] run          === run v27p5 : "Atacama Air Defense" ===
[campaign] start        recorder pid 14620 -> C:\Projects\EXT-17\campaigns\m5-oq4\v27p5
[campaign] connect      client created, message pump started
[campaign] start        host pid 5352 cwd C:\Projects\EXT-17\campaigns\m5-oq4\v27p5\host
[campaign] observed     host ready (engine state published) -> state=idle frame=0 simTime=0.000 dt=0.00000 scenario=(none)
[campaign] publish      sim/scenario/command load_scenario "Atacama Air Defense"
[campaign] observed     scenario loaded -> state=idle frame=0 simTime=0.000 dt=0.00000 scenario=loaded(Atacama Air Defense)
[campaign] axis         applying the after-load, before-start hook
[campaign] spike        set velocity on 30 of 30 Red UAV(s) before start
[campaign] publish      sim/engine/command start
[campaign] observed     engine running -> state=running frame=0 simTime=0.000 dt=0.00000 scenario=loaded(Atacama Air Defense)
[campaign] run          watching for: A run is finished when the engine's frame number, as published on sim/engine/state, reaches 1200.
[campaign] observed     stop predicate satisfied -> state=running frame=1200 simTime=60.000 dt=0.05000 scenario=loaded(Atacama Air Defense)
[campaign] publish      sim/engine/command stop
[campaign] observed     engine idle after stop -> state=idle frame=0 simTime=0.000 dt=0.00000 scenario=loaded(Atacama Air Defense)
[campaign] teardown     host pid 5352 exit 3221225786 (on its own)
[campaign] teardown     recorder pid 14620 exit 0 (on its own)
[campaign] capture      read back: 50546 samples over 2 segment key(s) for 2 run segment(s), end_reason host_lost, conformant
[campaign] record       C:\Projects\EXT-17\campaigns\m5-oq4\v27p5\run.json (completed)
[campaign] run          run v27p5 -> completed
[campaign] spike        === v55 : does a Red raid at this speed still make sense; the scenario authors 55 m/s ===
[campaign] run          === run v55 : "Atacama Air Defense" ===
[campaign] start        recorder pid 21392 -> C:\Projects\EXT-17\campaigns\m5-oq4\v55
[campaign] connect      client created, message pump started
[campaign] start        host pid 31312 cwd C:\Projects\EXT-17\campaigns\m5-oq4\v55\host
[campaign] observed     host ready (engine state published) -> state=idle frame=0 simTime=0.000 dt=0.00000 scenario=(none)
[campaign] publish      sim/scenario/command load_scenario "Atacama Air Defense"
[campaign] observed     scenario loaded -> state=idle frame=0 simTime=0.000 dt=0.00000 scenario=loaded(Atacama Air Defense)
[campaign] axis         applying the after-load, before-start hook
[campaign] spike        set velocity on 30 of 30 Red UAV(s) before start
[campaign] publish      sim/engine/command start
[campaign] observed     engine running -> state=running frame=0 simTime=0.000 dt=0.00000 scenario=loaded(Atacama Air Defense)
[campaign] run          watching for: A run is finished when the engine's frame number, as published on sim/engine/state, reaches 1200.
[campaign] observed     stop predicate satisfied -> state=running frame=1200 simTime=60.000 dt=0.05000 scenario=loaded(Atacama Air Defense)
[campaign] publish      sim/engine/command stop
[campaign] observed     engine idle after stop -> state=idle frame=0 simTime=0.000 dt=0.00000 scenario=loaded(Atacama Air Defense)
[campaign] teardown     host pid 31312 exit 3221225786 (on its own)
[campaign] teardown     recorder pid 21392 exit 0 (on its own)
[campaign] capture      read back: 50378 samples over 2 segment key(s) for 2 run segment(s), end_reason host_lost, conformant
[campaign] record       C:\Projects\EXT-17\campaigns\m5-oq4\v55\run.json (completed)
[campaign] run          run v55 -> completed
[campaign] spike        === v110 : does a Red raid at this speed still make sense; the scenario authors 55 m/s ===
[campaign] run          === run v110 : "Atacama Air Defense" ===
[campaign] start        recorder pid 38140 -> C:\Projects\EXT-17\campaigns\m5-oq4\v110
[campaign] connect      client created, message pump started
[campaign] start        host pid 33996 cwd C:\Projects\EXT-17\campaigns\m5-oq4\v110\host
[campaign] observed     host ready (engine state published) -> state=idle frame=0 simTime=0.000 dt=0.00000 scenario=(none)
[campaign] publish      sim/scenario/command load_scenario "Atacama Air Defense"
[campaign] observed     scenario loaded -> state=idle frame=0 simTime=0.000 dt=0.00000 scenario=loaded(Atacama Air Defense)
[campaign] axis         applying the after-load, before-start hook
[campaign] spike        set velocity on 30 of 30 Red UAV(s) before start
[campaign] publish      sim/engine/command start
[campaign] observed     engine running -> state=running frame=0 simTime=0.000 dt=0.00000 scenario=loaded(Atacama Air Defense)
[campaign] run          watching for: A run is finished when the engine's frame number, as published on sim/engine/state, reaches 1200.
[campaign] observed     stop predicate satisfied -> state=running frame=1200 simTime=60.000 dt=0.05000 scenario=loaded(Atacama Air Defense)
[campaign] publish      sim/engine/command stop
[campaign] observed     engine idle after stop -> state=idle frame=0 simTime=0.000 dt=0.00000 scenario=loaded(Atacama Air Defense)
[campaign] teardown     host pid 33996 exit 3221225786 (on its own)
[campaign] teardown     recorder pid 38140 exit 0 (on its own)
[campaign] capture      read back: 49225 samples over 2 segment key(s) for 2 run segment(s), end_reason host_lost, conformant
[campaign] record       C:\Projects\EXT-17\campaigns\m5-oq4\v110\run.json (completed)
[campaign] run          run v110 -> completed
[campaign] spike        === v220 : does a Red raid at this speed still make sense; the scenario authors 55 m/s ===
[campaign] run          === run v220 : "Atacama Air Defense" ===
[campaign] start        recorder pid 39612 -> C:\Projects\EXT-17\campaigns\m5-oq4\v220
[campaign] connect      client created, message pump started
[campaign] start        host pid 29348 cwd C:\Projects\EXT-17\campaigns\m5-oq4\v220\host
[campaign] observed     host ready (engine state published) -> state=idle frame=0 simTime=0.000 dt=0.00000 scenario=(none)
[campaign] publish      sim/scenario/command load_scenario "Atacama Air Defense"
[campaign] observed     scenario loaded -> state=idle frame=0 simTime=0.000 dt=0.00000 scenario=loaded(Atacama Air Defense)
[campaign] axis         applying the after-load, before-start hook
[campaign] spike        set velocity on 30 of 30 Red UAV(s) before start
[campaign] publish      sim/engine/command start
[campaign] observed     engine running -> state=running frame=0 simTime=0.000 dt=0.00000 scenario=loaded(Atacama Air Defense)
[campaign] run          watching for: A run is finished when the engine's frame number, as published on sim/engine/state, reaches 1200.
[campaign] observed     stop predicate satisfied -> state=running frame=1200 simTime=60.000 dt=0.05000 scenario=loaded(Atacama Air Defense)
[campaign] publish      sim/engine/command stop
[campaign] observed     engine idle after stop -> state=idle frame=0 simTime=0.000 dt=0.00000 scenario=loaded(Atacama Air Defense)
[campaign] teardown     host pid 29348 exit 3221225786 (on its own)
[campaign] teardown     recorder pid 39612 exit 0 (on its own)
[campaign] capture      read back: 48711 samples over 2 segment key(s) for 2 run segment(s), end_reason host_lost, conformant
[campaign] record       C:\Projects\EXT-17\campaigns\m5-oq4\v220\run.json (completed)
[campaign] run          run v220 -> completed
[campaign] spike        === v440 : does a Red raid at this speed still make sense; the scenario authors 55 m/s ===
[campaign] run          === run v440 : "Atacama Air Defense" ===
[campaign] start        recorder pid 23636 -> C:\Projects\EXT-17\campaigns\m5-oq4\v440
[campaign] connect      client created, message pump started
[campaign] start        host pid 32064 cwd C:\Projects\EXT-17\campaigns\m5-oq4\v440\host
[campaign] observed     host ready (engine state published) -> state=idle frame=0 simTime=0.000 dt=0.00000 scenario=(none)
[campaign] publish      sim/scenario/command load_scenario "Atacama Air Defense"
[campaign] observed     scenario loaded -> state=idle frame=0 simTime=0.000 dt=0.00000 scenario=loaded(Atacama Air Defense)
[campaign] axis         applying the after-load, before-start hook
[campaign] spike        set velocity on 30 of 30 Red UAV(s) before start
[campaign] publish      sim/engine/command start
[campaign] observed     engine running -> state=running frame=0 simTime=0.000 dt=0.00000 scenario=loaded(Atacama Air Defense)
[campaign] run          watching for: A run is finished when the engine's frame number, as published on sim/engine/state, reaches 1200.
[campaign] observed     stop predicate satisfied -> state=running frame=1200 simTime=60.000 dt=0.05000 scenario=loaded(Atacama Air Defense)
[campaign] publish      sim/engine/command stop
[campaign] observed     engine idle after stop -> state=idle frame=0 simTime=0.000 dt=0.00000 scenario=loaded(Atacama Air Defense)
[campaign] teardown     host pid 32064 exit 3221225786 (on its own)
[campaign] teardown     recorder pid 23636 exit 0 (on its own)
[campaign] capture      read back: 48511 samples over 2 segment key(s) for 2 run segment(s), end_reason host_lost, conformant
[campaign] record       C:\Projects\EXT-17\campaigns\m5-oq4\v440\run.json (completed)
[campaign] run          run v440 -> completed
[campaign] spike        === v900 : does a Red raid at this speed still make sense; the scenario authors 55 m/s ===
[campaign] run          === run v900 : "Atacama Air Defense" ===
[campaign] start        recorder pid 24540 -> C:\Projects\EXT-17\campaigns\m5-oq4\v900
[campaign] connect      client created, message pump started
[campaign] start        host pid 38000 cwd C:\Projects\EXT-17\campaigns\m5-oq4\v900\host
[campaign] observed     host ready (engine state published) -> state=idle frame=0 simTime=0.000 dt=0.00000 scenario=(none)
[campaign] publish      sim/scenario/command load_scenario "Atacama Air Defense"
[campaign] observed     scenario loaded -> state=idle frame=0 simTime=0.000 dt=0.00000 scenario=loaded(Atacama Air Defense)
[campaign] axis         applying the after-load, before-start hook
[campaign] spike        set velocity on 30 of 30 Red UAV(s) before start
[campaign] publish      sim/engine/command start
[campaign] observed     engine running -> state=running frame=0 simTime=0.000 dt=0.00000 scenario=loaded(Atacama Air Defense)
[campaign] run          watching for: A run is finished when the engine's frame number, as published on sim/engine/state, reaches 1200.
[campaign] observed     stop predicate satisfied -> state=running frame=1200 simTime=60.000 dt=0.05000 scenario=loaded(Atacama Air Defense)
[campaign] publish      sim/engine/command stop
[campaign] observed     engine idle after stop -> state=idle frame=0 simTime=0.000 dt=0.00000 scenario=loaded(Atacama Air Defense)
[campaign] teardown     host pid 38000 exit 3221225786 (on its own)
[campaign] teardown     recorder pid 24540 exit 0 (on its own)
[campaign] capture      read back: 49413 samples over 2 segment key(s) for 2 run segment(s), end_reason host_lost, conformant
[campaign] record       C:\Projects\EXT-17\campaigns\m5-oq4\v900\run.json (completed)
[campaign] run          run v900 -> completed
[campaign] spike        every probe completed
