[campaign] campaign     disk: projecting 670560000 bytes for 22 run(s) of 1200 frames at 25400 bytes/frame (including the self-test's 2 runs) for a sweep of 20 declared value(s)
[campaign] campaign     disk: 340418301952 bytes free, ceiling 8589934592
[campaign] campaign     per-capture bound: 73200000 bytes, derived from 1200 frames. It is three times the measured per-frame capture cost, so a run that reaches it has overrun its projection rather than merely run.
[campaign] campaign     stop predicate: A run is finished when the engine's frame number, as published on sim/engine/state, reaches 1200.
[campaign] campaign     run timeout: 600000 ms (backstop; never the definition of the end)
[campaign] campaign     the determinism gate runs at red_raid_speed_ms = 55 m/s, which is one of the values this campaign sweeps. It establishes determinism FOR THAT VALUE - the sweep's other values are run, not gated, and the report says so.
[campaign] campaign     gate basis: content. OQ-2 is UNANSWERED - whether the gate is keyed on content or on bytes is out with the owner of the brief. Both comparisons are run and both are reported; the basis chooses which one decides.
[campaign] self-test    CR-DET-1: the same configuration, run twice, compared. [B] step 4 makes this a hard stop, so no campaign run is attempted until it passes.
[campaign] self-test    its two runs are NOT campaign runs. They land in C:\Projects\EXT-17\campaigns\m6-campaign\selftest\runs and are never counted among the campaign's outcomes.
[campaign] self-test    run 000 of 2
[campaign] run          === run 000 : "Atacama Air Defense"  [red_raid_speed_ms = 55 m/s] ===
[campaign] start        recorder pid 5332 -> C:\Projects\EXT-17\campaigns\m6-campaign\selftest\runs\000
[campaign] connect      client created, message pump started
[campaign] start        host pid 30560 cwd C:\Projects\EXT-17\campaigns\m6-campaign\selftest\runs\000\host
[campaign] observed     host ready (engine state published) -> state=idle frame=0 simTime=0.000 dt=0.00000 scenario=(none)
[campaign] publish      sim/scenario/command load_scenario "Atacama Air Defense"
[campaign] observed     scenario loaded -> state=idle frame=0 simTime=0.000 dt=0.00000 scenario=loaded(Atacama Air Defense)
[campaign] axis         applying the after-load, before-start hook
[campaign] axis         red_raid_speed_ms = 55 m/s: published 30 of 30 entity update(s) before start
[campaign] publish      sim/engine/command start
[campaign] observed     engine running -> state=running frame=0 simTime=0.000 dt=0.00000 scenario=loaded(Atacama Air Defense)
[campaign] run          watching for: A run is finished when the engine's frame number, as published on sim/engine/state, reaches 1200.
[campaign] observed     stop predicate satisfied -> state=running frame=1200 simTime=60.000 dt=0.05000 scenario=loaded(Atacama Air Defense)
[campaign] publish      sim/engine/command stop
[campaign] observed     engine idle after stop -> state=idle frame=0 simTime=0.000 dt=0.00000 scenario=loaded(Atacama Air Defense)
[campaign] teardown     host pid 30560 exit 3221225786 (on its own)
[campaign] teardown     recorder pid 5332 exit 0 (on its own)
[campaign] capture      read back: 50446 samples over 2 segment key(s) for 2 run segment(s), end_reason host_lost, conformant
[campaign] record       C:\Projects\EXT-17\campaigns\m6-campaign\selftest\runs\000\run.json (completed)
[campaign] run          run 000 -> completed
[campaign] self-test    run 001 of 2
[campaign] run          === run 001 : "Atacama Air Defense"  [red_raid_speed_ms = 55 m/s] ===
[campaign] start        recorder pid 36208 -> C:\Projects\EXT-17\campaigns\m6-campaign\selftest\runs\001
[campaign] connect      client created, message pump started
[campaign] start        host pid 36172 cwd C:\Projects\EXT-17\campaigns\m6-campaign\selftest\runs\001\host
[campaign] observed     host ready (engine state published) -> state=idle frame=0 simTime=0.000 dt=0.00000 scenario=(none)
[campaign] publish      sim/scenario/command load_scenario "Atacama Air Defense"
[campaign] observed     scenario loaded -> state=idle frame=0 simTime=0.000 dt=0.00000 scenario=loaded(Atacama Air Defense)
[campaign] axis         applying the after-load, before-start hook
[campaign] axis         red_raid_speed_ms = 55 m/s: published 30 of 30 entity update(s) before start
[campaign] publish      sim/engine/command start
[campaign] observed     engine running -> state=running frame=0 simTime=0.000 dt=0.00000 scenario=loaded(Atacama Air Defense)
[campaign] run          watching for: A run is finished when the engine's frame number, as published on sim/engine/state, reaches 1200.
[campaign] observed     stop predicate satisfied -> state=running frame=1200 simTime=60.000 dt=0.05000 scenario=loaded(Atacama Air Defense)
[campaign] publish      sim/engine/command stop
[campaign] observed     engine idle after stop -> state=idle frame=0 simTime=0.000 dt=0.00000 scenario=loaded(Atacama Air Defense)
[campaign] teardown     host pid 36172 exit 3221225786 (on its own)
[campaign] teardown     recorder pid 36208 exit 0 (on its own)
[campaign] capture      read back: 50386 samples over 2 segment key(s) for 2 run segment(s), end_reason host_lost, conformant
[campaign] record       C:\Projects\EXT-17\campaigns\m6-campaign\selftest\runs\001\run.json (completed)
[campaign] run          run 001 -> completed
[campaign] self-test    determinism self-test
[campaign] self-test      runs                  000  against  001
[campaign] self-test      gate basis            content   (ADR-1: the content basis is THIS PROJECT'S decision, not the client's)
[campaign] self-test      OQ-2                  UNANSWERED. Whether the gate is keyed on content or on bytes is out with the
[campaign] self-test                            owner of the brief and has not been ruled on. Both comparisons are run and
[campaign] self-test                            reported below; the basis above chooses which one decides, and nothing else.
[campaign] self-test    
[campaign] self-test      content comparison    PASS
[campaign] self-test        compared            (part 0, segment 0)  running in both, 47 entity key(s)
[campaign] self-test        excluded            (part 0, segment 1)  clock is indeterminate in 000 and indeterminate in 001; only a running segment can be aligned across two runs
[campaign] self-test                              0 and 25 sample(s) in it were not compared
[campaign] self-test        compared            50361 sample(s)
[campaign] self-test        agree               50361
[campaign] self-test        differ              0
[campaign] self-test        present in one only 000: 85   001: 0   (not differences - see verdict)
[campaign] self-test        coverage            100.0000% of the smaller run's comparable samples (50361 of 50361), floor 99.0000%
[campaign] self-test        verdict             every sample present in BOTH runs at the same simulation instant agrees. This is not a claim that the two captures are identical: 85 sample(s) were present only in 000 and 0 only in 001, which is the publication schedule and not the simulation (§14).
[campaign] self-test    
[campaign] self-test      byte comparison       DIFFER
[campaign] self-test        sizes               24360050 and 24332167 byte(s)
[campaign] self-test        first difference    byte 5034, line 45
[campaign] self-test        headers             byte-identical
[campaign] self-test        model_path          EXCLUDED per format §14; it was identical here, so the exclusion changed nothing
[campaign] self-test        status              EXPECTED TO FAIL on this platform, and not a defect. The host publishes a
[campaign] self-test                            different subset of frames every run (§14). Nothing here is normalised,
[campaign] self-test                            filtered or masked beyond the one field §14 names — a comparison made to
[campaign] self-test                            pass by construction would measure nothing (ADR-1).
[campaign] self-test    
[campaign] self-test      result equality       outcomes completed and completed — AGREE
[campaign] self-test        verdicts            0 and 0 — agree. Vacuous at M4: no conditions are declared, so no run produces a verdict. The line becomes substantive at M6.
[campaign] self-test    
[campaign] self-test      GATE                  PASS   on the content basis
[campaign] self-test                            every sample present in BOTH runs at the same simulation instant agrees. This is not a claim that the two captures are identical: 85 sample(s) were present only in 000 and 0 only in 001, which is the publication schedule and not the simulation (§14).
[campaign] self-test                            This does NOT discharge [B]'s acceptance criterion 2 as written. It
[campaign] self-test                            discharges it under the content reading, which is this project's named
[campaign] self-test                            deviation (ADR-1) and is unruled (OQ-2).
[campaign] campaign     self-test -> C:\Projects\EXT-17\campaigns\m6-campaign\selftest\self-test.json
[campaign] campaign     self-test: passed
[campaign] run          === run 000 : "Atacama Air Defense"  [red_raid_speed_ms = 11 m/s] ===
[campaign] start        recorder pid 40168 -> C:\Projects\EXT-17\campaigns\m6-campaign\runs\000
[campaign] connect      client created, message pump started
[campaign] start        host pid 40036 cwd C:\Projects\EXT-17\campaigns\m6-campaign\runs\000\host
[campaign] observed     host ready (engine state published) -> state=idle frame=0 simTime=0.000 dt=0.00000 scenario=(none)
[campaign] publish      sim/scenario/command load_scenario "Atacama Air Defense"
[campaign] observed     scenario loaded -> state=idle frame=0 simTime=0.000 dt=0.00000 scenario=loaded(Atacama Air Defense)
[campaign] axis         applying the after-load, before-start hook
[campaign] axis         red_raid_speed_ms = 11 m/s: published 30 of 30 entity update(s) before start
[campaign] publish      sim/engine/command start
[campaign] observed     engine running -> state=running frame=0 simTime=0.000 dt=0.00000 scenario=loaded(Atacama Air Defense)
[campaign] run          watching for: A run is finished when the engine's frame number, as published on sim/engine/state, reaches 1200.
[campaign] observed     stop predicate satisfied -> state=running frame=1200 simTime=60.000 dt=0.05000 scenario=loaded(Atacama Air Defense)
[campaign] publish      sim/engine/command stop
[campaign] observed     engine idle after stop -> state=idle frame=0 simTime=0.000 dt=0.00000 scenario=loaded(Atacama Air Defense)
[campaign] teardown     host pid 40036 exit 3221225786 (on its own)
[campaign] teardown     recorder pid 40168 exit 0 (on its own)
[campaign] capture      read back: 50534 samples over 2 segment key(s) for 2 run segment(s), end_reason host_lost, conformant
[campaign] verdict      raid-leader-reaches-airfield       NOT MET <- VIOLATED          t=59.99999999999873 closest_approach_m=8693.1695 within_m=3000 [RedUAV_N_01@1 line 50580, BlueBase_Airfield@1 line 50551]
[campaign] verdict      raid-leader-crosses-corridor       NOT MET <- VIOLATED          t=59.99999999999873 closest_to_boundary_m=5027.0803 polygon=4 vertices [RedUAV_N_01@1 line 50580]
[campaign] verdict      raid-leader-enters-depot-ring      NOT MET <- VIOLATED          t=59.99999999999873 closest_to_boundary_m=4698.0049 radius_m=5000 [RedUAV_N_01@1 line 50580]
[campaign] verdict      raid-leader-destroyed              NOT MET (as asserted)        removed_with=scenario_unload removal_reason=destroyed [RedUAV_N_01@1 line 50621]
[campaign] verdict      command-centre-destroyed           NOT MET (as asserted)        removed_with=scenario_unload removal_reason=destroyed [BlueBase_CommandCenter@1 line 50594]
[campaign] verdict      airfield-operational               met                          t=0.05 phase=operational equals=operational [BlueBase_Airfield@1 line 69]
[campaign] verdict      raid-leader-degraded               INDETERMINATE                health=nominal equals=degraded
[campaign] judge        satisfied 3, violated 3, indeterminate 1  (met 1, not met 5)
[campaign] record       C:\Projects\EXT-17\campaigns\m6-campaign\runs\000\run.json (fail)
[campaign] run          run 000 -> fail
[campaign] run          === run 001 : "Atacama Air Defense"  [red_raid_speed_ms = 22 m/s] ===
[campaign] start        recorder pid 33224 -> C:\Projects\EXT-17\campaigns\m6-campaign\runs\001
[campaign] connect      client created, message pump started
[campaign] start        host pid 40172 cwd C:\Projects\EXT-17\campaigns\m6-campaign\runs\001\host
[campaign] observed     host ready (engine state published) -> state=idle frame=0 simTime=0.000 dt=0.00000 scenario=(none)
[campaign] publish      sim/scenario/command load_scenario "Atacama Air Defense"
[campaign] observed     scenario loaded -> state=idle frame=0 simTime=0.000 dt=0.00000 scenario=loaded(Atacama Air Defense)
[campaign] axis         applying the after-load, before-start hook
[campaign] axis         red_raid_speed_ms = 22 m/s: published 30 of 30 entity update(s) before start
[campaign] publish      sim/engine/command start
[campaign] observed     engine running -> state=running frame=0 simTime=0.000 dt=0.00000 scenario=loaded(Atacama Air Defense)
[campaign] run          watching for: A run is finished when the engine's frame number, as published on sim/engine/state, reaches 1200.
[campaign] observed     stop predicate satisfied -> state=running frame=1200 simTime=60.000 dt=0.05000 scenario=loaded(Atacama Air Defense)
[campaign] publish      sim/engine/command stop
[campaign] observed     engine idle after stop -> state=idle frame=0 simTime=0.000 dt=0.00000 scenario=loaded(Atacama Air Defense)
[campaign] teardown     host pid 40172 exit 3221225786 (on its own)
[campaign] teardown     recorder pid 33224 exit 0 (on its own)
[campaign] capture      read back: 50723 samples over 2 segment key(s) for 2 run segment(s), end_reason host_lost, conformant
[campaign] verdict      raid-leader-reaches-airfield       NOT MET <- VIOLATED          t=59.99999999999873 closest_approach_m=8078.1084 within_m=3000 [RedUAV_N_01@1 line 50767, BlueBase_Airfield@1 line 50738]
[campaign] verdict      raid-leader-crosses-corridor       NOT MET <- VIOLATED          t=59.99999999999873 closest_to_boundary_m=4370.4566 polygon=4 vertices [RedUAV_N_01@1 line 50767]
[campaign] verdict      raid-leader-enters-depot-ring      NOT MET <- VIOLATED          t=59.99999999999873 closest_to_boundary_m=4110.7281 radius_m=5000 [RedUAV_N_01@1 line 50767]
[campaign] verdict      raid-leader-destroyed              NOT MET (as asserted)        removed_with=scenario_unload removal_reason=destroyed [RedUAV_N_01@1 line 50808]
[campaign] verdict      command-centre-destroyed           NOT MET (as asserted)        removed_with=scenario_unload removal_reason=destroyed [BlueBase_CommandCenter@1 line 50781]
[campaign] verdict      airfield-operational               met                          t=0.05 phase=operational equals=operational [BlueBase_Airfield@1 line 45]
[campaign] verdict      raid-leader-degraded               INDETERMINATE                health=nominal equals=degraded
[campaign] judge        satisfied 3, violated 3, indeterminate 1  (met 1, not met 5)
[campaign] record       C:\Projects\EXT-17\campaigns\m6-campaign\runs\001\run.json (fail)
[campaign] run          run 001 -> fail
[campaign] run          === run 002 : "Atacama Air Defense"  [red_raid_speed_ms = 33 m/s] ===
[campaign] start        recorder pid 19784 -> C:\Projects\EXT-17\campaigns\m6-campaign\runs\002
[campaign] connect      client created, message pump started
[campaign] start        host pid 38796 cwd C:\Projects\EXT-17\campaigns\m6-campaign\runs\002\host
[campaign] observed     host ready (engine state published) -> state=idle frame=0 simTime=0.000 dt=0.00000 scenario=(none)
[campaign] publish      sim/scenario/command load_scenario "Atacama Air Defense"
[campaign] observed     scenario loaded -> state=idle frame=0 simTime=0.000 dt=0.00000 scenario=loaded(Atacama Air Defense)
[campaign] axis         applying the after-load, before-start hook
[campaign] axis         red_raid_speed_ms = 33 m/s: published 30 of 30 entity update(s) before start
[campaign] publish      sim/engine/command start
[campaign] observed     engine running -> state=running frame=0 simTime=0.000 dt=0.00000 scenario=loaded(Atacama Air Defense)
[campaign] run          watching for: A run is finished when the engine's frame number, as published on sim/engine/state, reaches 1200.
[campaign] observed     stop predicate satisfied -> state=running frame=1200 simTime=60.000 dt=0.05000 scenario=loaded(Atacama Air Defense)
[campaign] publish      sim/engine/command stop
[campaign] observed     engine idle after stop -> state=idle frame=0 simTime=0.000 dt=0.00000 scenario=loaded(Atacama Air Defense)
[campaign] teardown     host pid 38796 exit 3221225786 (on its own)
[campaign] teardown     recorder pid 19784 exit 0 (on its own)
[campaign] capture      read back: 50447 samples over 2 segment key(s) for 2 run segment(s), end_reason host_lost, conformant
[campaign] verdict      raid-leader-reaches-airfield       NOT MET <- VIOLATED          t=59.99999999999873 closest_approach_m=7470.1293 within_m=3000 [RedUAV_N_01@1 line 50454, BlueBase_Airfield@1 line 50425]
[campaign] verdict      raid-leader-crosses-corridor       NOT MET <- VIOLATED          t=59.99999999999873 closest_to_boundary_m=3713.8324 polygon=4 vertices [RedUAV_N_01@1 line 50454]
[campaign] verdict      raid-leader-enters-depot-ring      NOT MET <- VIOLATED          t=59.99999999999873 closest_to_boundary_m=3533.5685 radius_m=5000 [RedUAV_N_01@1 line 50454]
[campaign] verdict      raid-leader-destroyed              NOT MET (as asserted)        removed_with=scenario_unload removal_reason=destroyed [RedUAV_N_01@1 line 50495]
[campaign] verdict      command-centre-destroyed           NOT MET (as asserted)        removed_with=scenario_unload removal_reason=destroyed [BlueBase_CommandCenter@1 line 50468]
[campaign] verdict      airfield-operational               met                          t=0.05 phase=operational equals=operational [BlueBase_Airfield@1 line 83]
[campaign] verdict      raid-leader-degraded               INDETERMINATE                health=nominal equals=degraded
[campaign] judge        satisfied 3, violated 3, indeterminate 1  (met 1, not met 5)
[campaign] record       C:\Projects\EXT-17\campaigns\m6-campaign\runs\002\run.json (fail)
[campaign] run          run 002 -> fail
[campaign] run          === run 003 : "Atacama Air Defense"  [red_raid_speed_ms = 44 m/s] ===
[campaign] start        recorder pid 22536 -> C:\Projects\EXT-17\campaigns\m6-campaign\runs\003
[campaign] connect      client created, message pump started
[campaign] start        host pid 2960 cwd C:\Projects\EXT-17\campaigns\m6-campaign\runs\003\host
[campaign] observed     host ready (engine state published) -> state=idle frame=0 simTime=0.000 dt=0.00000 scenario=(none)
[campaign] publish      sim/scenario/command load_scenario "Atacama Air Defense"
[campaign] observed     scenario loaded -> state=idle frame=0 simTime=0.000 dt=0.00000 scenario=loaded(Atacama Air Defense)
[campaign] axis         applying the after-load, before-start hook
[campaign] axis         red_raid_speed_ms = 44 m/s: published 30 of 30 entity update(s) before start
[campaign] publish      sim/engine/command start
[campaign] observed     engine running -> state=running frame=0 simTime=0.000 dt=0.00000 scenario=loaded(Atacama Air Defense)
[campaign] run          watching for: A run is finished when the engine's frame number, as published on sim/engine/state, reaches 1200.
[campaign] observed     stop predicate satisfied -> state=running frame=1200 simTime=60.000 dt=0.05000 scenario=loaded(Atacama Air Defense)
[campaign] publish      sim/engine/command stop
[campaign] observed     engine idle after stop -> state=idle frame=0 simTime=0.000 dt=0.00000 scenario=loaded(Atacama Air Defense)
[campaign] teardown     host pid 2960 exit 3221225786 (on its own)
[campaign] teardown     recorder pid 22536 exit 0 (on its own)
[campaign] capture      read back: 50347 samples over 2 segment key(s) for 2 run segment(s), end_reason host_lost, conformant
[campaign] verdict      raid-leader-reaches-airfield       NOT MET <- VIOLATED          t=59.99999999999873 closest_approach_m=6871.1125 within_m=3000 [RedUAV_N_01@1 line 50394, BlueBase_Airfield@1 line 50364]
[campaign] verdict      raid-leader-crosses-corridor       NOT MET <- VIOLATED          t=59.99999999999873 closest_to_boundary_m=3057.2077 polygon=4 vertices [RedUAV_N_01@1 line 50394]
[campaign] verdict      raid-leader-enters-depot-ring      NOT MET <- VIOLATED          t=59.99999999999873 closest_to_boundary_m=2968.7247 radius_m=5000 [RedUAV_N_01@1 line 50394]
[campaign] verdict      raid-leader-destroyed              NOT MET (as asserted)        removed_with=scenario_unload removal_reason=destroyed [RedUAV_N_01@1 line 50435]
[campaign] verdict      command-centre-destroyed           NOT MET (as asserted)        removed_with=scenario_unload removal_reason=destroyed [BlueBase_CommandCenter@1 line 50407]
[campaign] verdict      airfield-operational               met                          t=0.05 phase=operational equals=operational [BlueBase_Airfield@1 line 46]
[campaign] verdict      raid-leader-degraded               INDETERMINATE                health=nominal equals=degraded
[campaign] judge        satisfied 3, violated 3, indeterminate 1  (met 1, not met 5)
[campaign] record       C:\Projects\EXT-17\campaigns\m6-campaign\runs\003\run.json (fail)
[campaign] run          run 003 -> fail
[campaign] run          === run 004 : "Atacama Air Defense"  [red_raid_speed_ms = 55 m/s] ===
[campaign] start        recorder pid 40340 -> C:\Projects\EXT-17\campaigns\m6-campaign\runs\004
[campaign] connect      client created, message pump started
[campaign] start        host pid 22932 cwd C:\Projects\EXT-17\campaigns\m6-campaign\runs\004\host
[campaign] observed     host ready (engine state published) -> state=idle frame=0 simTime=0.000 dt=0.00000 scenario=(none)
[campaign] publish      sim/scenario/command load_scenario "Atacama Air Defense"
[campaign] observed     scenario loaded -> state=idle frame=0 simTime=0.000 dt=0.00000 scenario=loaded(Atacama Air Defense)
[campaign] axis         applying the after-load, before-start hook
[campaign] axis         red_raid_speed_ms = 55 m/s: published 30 of 30 entity update(s) before start
[campaign] publish      sim/engine/command start
[campaign] observed     engine running -> state=running frame=0 simTime=0.000 dt=0.00000 scenario=loaded(Atacama Air Defense)
[campaign] run          watching for: A run is finished when the engine's frame number, as published on sim/engine/state, reaches 1200.
[campaign] observed     stop predicate satisfied -> state=running frame=1200 simTime=60.000 dt=0.05000 scenario=loaded(Atacama Air Defense)
[campaign] publish      sim/engine/command stop
[campaign] observed     engine idle after stop -> state=idle frame=0 simTime=0.000 dt=0.00000 scenario=loaded(Atacama Air Defense)
[campaign] teardown     host pid 22932 exit 3221225786 (on its own)
[campaign] teardown     recorder pid 40340 exit 0 (on its own)
[campaign] capture      read back: 50410 samples over 2 segment key(s) for 2 run segment(s), end_reason host_lost, conformant
[campaign] verdict      raid-leader-reaches-airfield       NOT MET <- VIOLATED          t=59.99999999999873 closest_approach_m=6283.6219 within_m=3000 [RedUAV_N_01@1 line 50456, BlueBase_Airfield@1 line 50427]
[campaign] verdict      raid-leader-crosses-corridor       NOT MET <- VIOLATED          t=59.99999999999873 closest_to_boundary_m=2400.5825 polygon=4 vertices [RedUAV_N_01@1 line 50456]
[campaign] verdict      raid-leader-enters-depot-ring      NOT MET <- VIOLATED          t=59.99999999999873 closest_to_boundary_m=2419.0104 radius_m=5000 [RedUAV_N_01@1 line 50456]
[campaign] verdict      raid-leader-destroyed              NOT MET (as asserted)        removed_with=scenario_unload removal_reason=destroyed [RedUAV_N_01@1 line 50496]
[campaign] verdict      command-centre-destroyed           NOT MET (as asserted)        removed_with=scenario_unload removal_reason=destroyed [BlueBase_CommandCenter@1 line 50469]
[campaign] verdict      airfield-operational               met                          t=0.05 phase=operational equals=operational [BlueBase_Airfield@1 line 85]
[campaign] verdict      raid-leader-degraded               INDETERMINATE                health=nominal equals=degraded
[campaign] judge        satisfied 3, violated 3, indeterminate 1  (met 1, not met 5)
[campaign] record       C:\Projects\EXT-17\campaigns\m6-campaign\runs\004\run.json (fail)
[campaign] run          run 004 -> fail
[campaign] run          === run 005 : "Atacama Air Defense"  [red_raid_speed_ms = 70 m/s] ===
[campaign] start        recorder pid 40432 -> C:\Projects\EXT-17\campaigns\m6-campaign\runs\005
[campaign] connect      client created, message pump started
[campaign] start        host pid 37284 cwd C:\Projects\EXT-17\campaigns\m6-campaign\runs\005\host
[campaign] observed     host ready (engine state published) -> state=idle frame=0 simTime=0.000 dt=0.00000 scenario=(none)
[campaign] publish      sim/scenario/command load_scenario "Atacama Air Defense"
[campaign] observed     scenario loaded -> state=idle frame=0 simTime=0.000 dt=0.00000 scenario=loaded(Atacama Air Defense)
[campaign] axis         applying the after-load, before-start hook
[campaign] axis         red_raid_speed_ms = 70 m/s: published 30 of 30 entity update(s) before start
[campaign] publish      sim/engine/command start
[campaign] observed     engine running -> state=running frame=0 simTime=0.000 dt=0.00000 scenario=loaded(Atacama Air Defense)
[campaign] run          watching for: A run is finished when the engine's frame number, as published on sim/engine/state, reaches 1200.
[campaign] observed     stop predicate satisfied -> state=running frame=1200 simTime=60.000 dt=0.05000 scenario=loaded(Atacama Air Defense)
[campaign] publish      sim/engine/command stop
[campaign] observed     engine idle after stop -> state=idle frame=0 simTime=0.000 dt=0.00000 scenario=loaded(Atacama Air Defense)
[campaign] teardown     host pid 37284 exit 3221225786 (on its own)
[campaign] teardown     recorder pid 40432 exit 0 (on its own)
[campaign] capture      read back: 50495 samples over 2 segment key(s) for 2 run segment(s), end_reason host_lost, conformant
[campaign] verdict      raid-leader-reaches-airfield       NOT MET <- VIOLATED          t=59.99999999999873 closest_approach_m=5507.7306 within_m=3000 [RedUAV_N_01@1 line 50542, BlueBase_Airfield@1 line 50510]
[campaign] verdict      raid-leader-crosses-corridor       NOT MET <- VIOLATED          t=59.99999999999873 closest_to_boundary_m=1505.1837 polygon=4 vertices [RedUAV_N_01@1 line 50542]
[campaign] verdict      raid-leader-enters-depot-ring      NOT MET <- VIOLATED          t=59.99999999999873 closest_to_boundary_m=1700.4975 radius_m=5000 [RedUAV_N_01@1 line 50542]
[campaign] verdict      raid-leader-destroyed              NOT MET (as asserted)        removed_with=scenario_unload removal_reason=destroyed [RedUAV_N_01@1 line 50586]
[campaign] verdict      command-centre-destroyed           NOT MET (as asserted)        removed_with=scenario_unload removal_reason=destroyed [BlueBase_CommandCenter@1 line 50556]
[campaign] verdict      airfield-operational               met                          t=0.05 phase=operational equals=operational [BlueBase_Airfield@1 line 85]
[campaign] verdict      raid-leader-degraded               INDETERMINATE                health=nominal equals=degraded
[campaign] judge        satisfied 3, violated 3, indeterminate 1  (met 1, not met 5)
[campaign] record       C:\Projects\EXT-17\campaigns\m6-campaign\runs\005\run.json (fail)
[campaign] run          run 005 -> fail
[campaign] run          === run 006 : "Atacama Air Defense"  [red_raid_speed_ms = 85 m/s] ===
[campaign] start        recorder pid 34356 -> C:\Projects\EXT-17\campaigns\m6-campaign\runs\006
[campaign] connect      client created, message pump started
[campaign] start        host pid 12936 cwd C:\Projects\EXT-17\campaigns\m6-campaign\runs\006\host
[campaign] observed     host ready (engine state published) -> state=idle frame=0 simTime=0.000 dt=0.00000 scenario=(none)
[campaign] publish      sim/scenario/command load_scenario "Atacama Air Defense"
[campaign] observed     scenario loaded -> state=idle frame=0 simTime=0.000 dt=0.00000 scenario=loaded(Atacama Air Defense)
[campaign] axis         applying the after-load, before-start hook
[campaign] axis         red_raid_speed_ms = 85 m/s: published 30 of 30 entity update(s) before start
[campaign] publish      sim/engine/command start
[campaign] observed     engine running -> state=running frame=0 simTime=0.000 dt=0.00000 scenario=loaded(Atacama Air Defense)
[campaign] run          watching for: A run is finished when the engine's frame number, as published on sim/engine/state, reaches 1200.
[campaign] observed     stop predicate satisfied -> state=running frame=1200 simTime=60.000 dt=0.05000 scenario=loaded(Atacama Air Defense)
[campaign] publish      sim/engine/command stop
[campaign] observed     engine idle after stop -> state=idle frame=0 simTime=0.000 dt=0.00000 scenario=loaded(Atacama Air Defense)
[campaign] teardown     host pid 12936 exit 3221225786 (on its own)
[campaign] teardown     recorder pid 34356 exit 0 (on its own)
[campaign] capture      read back: 50240 samples over 2 segment key(s) for 2 run segment(s), end_reason host_lost, conformant
[campaign] verdict      raid-leader-reaches-airfield       NOT MET <- VIOLATED          t=59.99999999999873 closest_approach_m=4773.8728 within_m=3000 [RedUAV_N_01@1 line 50297, BlueBase_Airfield@1 line 50267]
[campaign] verdict      raid-leader-crosses-corridor       NOT MET <- VIOLATED          t=59.99999999999873 closest_to_boundary_m=609.7839 polygon=4 vertices [RedUAV_N_01@1 line 50297]
[campaign] verdict      raid-leader-enters-depot-ring      NOT MET <- VIOLATED          t=59.99999999999873 closest_to_boundary_m=1029.5265 radius_m=5000 [RedUAV_N_01@1 line 50297]
[campaign] verdict      raid-leader-destroyed              NOT MET (as asserted)        removed_with=scenario_unload removal_reason=destroyed [RedUAV_N_01@1 line 50339]
[campaign] verdict      command-centre-destroyed           NOT MET (as asserted)        removed_with=scenario_unload removal_reason=destroyed [BlueBase_CommandCenter@1 line 50311]
[campaign] verdict      airfield-operational               met                          t=0.05 phase=operational equals=operational [BlueBase_Airfield@1 line 45]
[campaign] verdict      raid-leader-degraded               INDETERMINATE                health=nominal equals=degraded
[campaign] judge        satisfied 3, violated 3, indeterminate 1  (met 1, not met 5)
[campaign] record       C:\Projects\EXT-17\campaigns\m6-campaign\runs\006\run.json (fail)
[campaign] run          run 006 -> fail
[campaign] run          === run 007 : "Atacama Air Defense"  [red_raid_speed_ms = 100 m/s] ===
[campaign] start        recorder pid 32604 -> C:\Projects\EXT-17\campaigns\m6-campaign\runs\007
[campaign] connect      client created, message pump started
[campaign] start        host pid 16560 cwd C:\Projects\EXT-17\campaigns\m6-campaign\runs\007\host
[campaign] observed     host ready (engine state published) -> state=idle frame=0 simTime=0.000 dt=0.00000 scenario=(none)
[campaign] publish      sim/scenario/command load_scenario "Atacama Air Defense"
[campaign] observed     scenario loaded -> state=idle frame=0 simTime=0.000 dt=0.00000 scenario=loaded(Atacama Air Defense)
[campaign] axis         applying the after-load, before-start hook
[campaign] axis         red_raid_speed_ms = 100 m/s: published 30 of 30 entity update(s) before start
[campaign] publish      sim/engine/command start
[campaign] observed     engine running -> state=running frame=0 simTime=0.000 dt=0.00000 scenario=loaded(Atacama Air Defense)
[campaign] run          watching for: A run is finished when the engine's frame number, as published on sim/engine/state, reaches 1200.
[campaign] observed     stop predicate satisfied -> state=running frame=1200 simTime=60.000 dt=0.05000 scenario=loaded(Atacama Air Defense)
[campaign] publish      sim/engine/command stop
[campaign] observed     engine idle after stop -> state=idle frame=0 simTime=0.000 dt=0.00000 scenario=loaded(Atacama Air Defense)
[campaign] teardown     host pid 16560 exit 3221225786 (on its own)
[campaign] teardown     recorder pid 32604 exit 0 (on its own)
[campaign] capture      read back: 49828 samples over 2 segment key(s) for 2 run segment(s), end_reason host_lost, conformant
[campaign] verdict      raid-leader-reaches-airfield       NOT MET <- VIOLATED          t=59.99999999999873 closest_approach_m=4104.6566 within_m=3000 [RedUAV_N_01@1 line 49903, BlueBase_Airfield@1 line 49873]
[campaign] verdict      raid-leader-crosses-corridor       met                          t=57.14999999999889 closest_to_boundary_m=2.0731 polygon=4 vertices [RedUAV_N_01@1 line 47668]
[campaign] verdict      raid-leader-enters-depot-ring      NOT MET <- VIOLATED          t=59.99999999999873 closest_to_boundary_m=423.7708 radius_m=5000 [RedUAV_N_01@1 line 49903]
[campaign] verdict      raid-leader-destroyed              NOT MET (as asserted)        removed_with=scenario_unload removal_reason=destroyed [RedUAV_N_01@1 line 49940]
[campaign] verdict      command-centre-destroyed           NOT MET (as asserted)        removed_with=scenario_unload removal_reason=destroyed [BlueBase_CommandCenter@1 line 49912]
[campaign] verdict      airfield-operational               met                          t=0.05 phase=operational equals=operational [BlueBase_Airfield@1 line 45]
[campaign] verdict      raid-leader-degraded               INDETERMINATE                health=nominal equals=degraded
[campaign] judge        satisfied 4, violated 2, indeterminate 1  (met 2, not met 4)
[campaign] record       C:\Projects\EXT-17\campaigns\m6-campaign\runs\007\run.json (fail)
[campaign] run          run 007 -> fail
[campaign] run          === run 008 : "Atacama Air Defense"  [red_raid_speed_ms = 115 m/s] ===
[campaign] start        recorder pid 23088 -> C:\Projects\EXT-17\campaigns\m6-campaign\runs\008
[campaign] connect      client created, message pump started
[campaign] start        host pid 36728 cwd C:\Projects\EXT-17\campaigns\m6-campaign\runs\008\host
[campaign] observed     host ready (engine state published) -> state=idle frame=0 simTime=0.000 dt=0.00000 scenario=(none)
[campaign] publish      sim/scenario/command load_scenario "Atacama Air Defense"
[campaign] observed     scenario loaded -> state=idle frame=0 simTime=0.000 dt=0.00000 scenario=loaded(Atacama Air Defense)
[campaign] axis         applying the after-load, before-start hook
[campaign] axis         red_raid_speed_ms = 115 m/s: published 30 of 30 entity update(s) before start
[campaign] publish      sim/engine/command start
[campaign] observed     engine running -> state=running frame=0 simTime=0.000 dt=0.00000 scenario=loaded(Atacama Air Defense)
[campaign] run          watching for: A run is finished when the engine's frame number, as published on sim/engine/state, reaches 1200.
[campaign] observed     stop predicate satisfied -> state=running frame=1200 simTime=60.000 dt=0.05000 scenario=loaded(Atacama Air Defense)
[campaign] publish      sim/engine/command stop
[campaign] observed     engine idle after stop -> state=idle frame=0 simTime=0.000 dt=0.00000 scenario=loaded(Atacama Air Defense)
[campaign] teardown     host pid 36728 exit 3221225786 (on its own)
[campaign] teardown     recorder pid 23088 exit 0 (on its own)
[campaign] capture      read back: 48970 samples over 2 segment key(s) for 2 run segment(s), end_reason host_lost, conformant
[campaign] verdict      raid-leader-reaches-airfield       NOT MET <- VIOLATED          t=59.99999999999873 closest_approach_m=3536.9667 within_m=3000 [RedUAV_N_01@1 line 49062, BlueBase_Airfield@1 line 49033]
[campaign] verdict      raid-leader-crosses-corridor       met                          t=49.699999999999314 closest_to_boundary_m=2.5705 polygon=4 vertices [RedUAV_N_01@1 line 41889]
[campaign] verdict      raid-leader-enters-depot-ring      met                          t=58.49999999999881 closest_to_boundary_m=1.8844 radius_m=5000 [RedUAV_N_01@1 line 48141]
[campaign] verdict      raid-leader-destroyed              NOT MET (as asserted)        removed_with=scenario_unload removal_reason=destroyed [RedUAV_N_01@1 line 49095]
[campaign] verdict      command-centre-destroyed           NOT MET (as asserted)        removed_with=scenario_unload removal_reason=destroyed [BlueBase_CommandCenter@1 line 49068]
[campaign] verdict      airfield-operational               met                          t=0.05 phase=operational equals=operational [BlueBase_Airfield@1 line 45]
[campaign] verdict      raid-leader-degraded               INDETERMINATE                health=nominal equals=degraded
[campaign] judge        satisfied 5, violated 1, indeterminate 1  (met 3, not met 3)
[campaign] record       C:\Projects\EXT-17\campaigns\m6-campaign\runs\008\run.json (fail)
[campaign] run          run 008 -> fail
[campaign] run          === run 009 : "Atacama Air Defense"  [red_raid_speed_ms = 130 m/s] ===
[campaign] start        recorder pid 34308 -> C:\Projects\EXT-17\campaigns\m6-campaign\runs\009
[campaign] connect      client created, message pump started
[campaign] start        host pid 40620 cwd C:\Projects\EXT-17\campaigns\m6-campaign\runs\009\host
[campaign] observed     host ready (engine state published) -> state=idle frame=0 simTime=0.000 dt=0.00000 scenario=(none)
[campaign] publish      sim/scenario/command load_scenario "Atacama Air Defense"
[campaign] observed     scenario loaded -> state=idle frame=0 simTime=0.000 dt=0.00000 scenario=loaded(Atacama Air Defense)
[campaign] axis         applying the after-load, before-start hook
[campaign] axis         red_raid_speed_ms = 130 m/s: published 30 of 30 entity update(s) before start
[campaign] publish      sim/engine/command start
[campaign] observed     engine running -> state=running frame=0 simTime=0.000 dt=0.00000 scenario=loaded(Atacama Air Defense)
[campaign] run          watching for: A run is finished when the engine's frame number, as published on sim/engine/state, reaches 1200.
[campaign] observed     stop predicate satisfied -> state=running frame=1200 simTime=60.000 dt=0.05000 scenario=loaded(Atacama Air Defense)
[campaign] publish      sim/engine/command stop
[campaign] observed     engine idle after stop -> state=idle frame=0 simTime=0.000 dt=0.00000 scenario=loaded(Atacama Air Defense)
[campaign] teardown     host pid 40620 exit 3221225786 (on its own)
[campaign] teardown     recorder pid 34308 exit 0 (on its own)
[campaign] capture      read back: 48476 samples over 2 segment key(s) for 2 run segment(s), end_reason host_lost, conformant
[campaign] verdict      raid-leader-reaches-airfield       NOT MET <- VIOLATED          t=59.99999999999873 closest_approach_m=3126.6036 within_m=3000 [RedUAV_N_01@1 line 48567, BlueBase_Airfield@1 line 48537]
[campaign] verdict      raid-leader-crosses-corridor       met                          t=43.94999999999964 closest_to_boundary_m=0.5807 polygon=4 vertices [RedUAV_N_01@1 line 36964]
[campaign] verdict      raid-leader-enters-depot-ring      met                          t=51.7499999999992 closest_to_boundary_m=1.8844 radius_m=5000 [RedUAV_N_01@1 line 42729]
[campaign] verdict      raid-leader-destroyed              NOT MET (as asserted)        removed_with=scenario_unload removal_reason=destroyed [RedUAV_N_01@1 line 48602]
[campaign] verdict      command-centre-destroyed           NOT MET (as asserted)        removed_with=scenario_unload removal_reason=destroyed [BlueBase_CommandCenter@1 line 48574]
[campaign] verdict      airfield-operational               met                          t=0.05 phase=operational equals=operational [BlueBase_Airfield@1 line 45]
[campaign] verdict      raid-leader-degraded               INDETERMINATE                health=nominal equals=degraded
[campaign] judge        satisfied 5, violated 1, indeterminate 1  (met 3, not met 3)
[campaign] record       C:\Projects\EXT-17\campaigns\m6-campaign\runs\009\run.json (fail)
[campaign] run          run 009 -> fail
[campaign] run          === run 010 : "Atacama Air Defense"  [red_raid_speed_ms = 150 m/s] ===
[campaign] start        recorder pid 19948 -> C:\Projects\EXT-17\campaigns\m6-campaign\runs\010
[campaign] connect      client created, message pump started
[campaign] start        host pid 8012 cwd C:\Projects\EXT-17\campaigns\m6-campaign\runs\010\host
[campaign] observed     host ready (engine state published) -> state=idle frame=0 simTime=0.000 dt=0.00000 scenario=(none)
[campaign] publish      sim/scenario/command load_scenario "Atacama Air Defense"
[campaign] observed     scenario loaded -> state=idle frame=0 simTime=0.000 dt=0.00000 scenario=loaded(Atacama Air Defense)
[campaign] axis         applying the after-load, before-start hook
[campaign] axis         red_raid_speed_ms = 150 m/s: published 30 of 30 entity update(s) before start
[campaign] publish      sim/engine/command start
[campaign] observed     engine running -> state=running frame=0 simTime=0.000 dt=0.00000 scenario=loaded(Atacama Air Defense)
[campaign] run          watching for: A run is finished when the engine's frame number, as published on sim/engine/state, reaches 1200.
[campaign] observed     stop predicate satisfied -> state=running frame=1200 simTime=60.000 dt=0.05000 scenario=loaded(Atacama Air Defense)
[campaign] publish      sim/engine/command stop
[campaign] observed     engine idle after stop -> state=idle frame=0 simTime=0.000 dt=0.00000 scenario=loaded(Atacama Air Defense)
[campaign] teardown     host pid 8012 exit 3221225786 (on its own)
[campaign] teardown     recorder pid 19948 exit 0 (on its own)
[campaign] capture      read back: 49007 samples over 2 segment key(s) for 2 run segment(s), end_reason host_lost, conformant
[campaign] FAIL         judge: no segment classified running, so nothing in this capture can be judged: sim_time_s does not order the samples of a frozen segment, and the sampling gap a not-met verdict is bounded against cannot be measured. This is not a determinism failure and it is not a failing scenario
[campaign] verdict      raid-leader-reaches-airfield       INDETERMINATE
[campaign] verdict      raid-leader-crosses-corridor       INDETERMINATE
[campaign] verdict      raid-leader-enters-depot-ring      INDETERMINATE
[campaign] verdict      raid-leader-destroyed              INDETERMINATE
[campaign] verdict      command-centre-destroyed           INDETERMINATE
[campaign] verdict      airfield-operational               INDETERMINATE
[campaign] verdict      raid-leader-degraded               INDETERMINATE
[campaign] judge        satisfied 0, violated 0, indeterminate 7  (met 0, not met 0)
[campaign] record       C:\Projects\EXT-17\campaigns\m6-campaign\runs\010\run.json (infrastructure_error)
[campaign] run          run 010 -> infrastructure_error
[campaign] run          === run 011 : "Atacama Air Defense"  [red_raid_speed_ms = 170 m/s] ===
[campaign] start        recorder pid 38896 -> C:\Projects\EXT-17\campaigns\m6-campaign\runs\011
[campaign] connect      client created, message pump started
[campaign] start        host pid 24084 cwd C:\Projects\EXT-17\campaigns\m6-campaign\runs\011\host
[campaign] observed     host ready (engine state published) -> state=idle frame=0 simTime=0.000 dt=0.00000 scenario=(none)
[campaign] publish      sim/scenario/command load_scenario "Atacama Air Defense"
[campaign] observed     scenario loaded -> state=idle frame=0 simTime=0.000 dt=0.00000 scenario=loaded(Atacama Air Defense)
[campaign] axis         applying the after-load, before-start hook
[campaign] axis         red_raid_speed_ms = 170 m/s: published 30 of 30 entity update(s) before start
[campaign] publish      sim/engine/command start
[campaign] observed     engine running -> state=running frame=0 simTime=0.000 dt=0.00000 scenario=loaded(Atacama Air Defense)
[campaign] run          watching for: A run is finished when the engine's frame number, as published on sim/engine/state, reaches 1200.
[campaign] observed     stop predicate satisfied -> state=running frame=1200 simTime=60.000 dt=0.05000 scenario=loaded(Atacama Air Defense)
[campaign] publish      sim/engine/command stop
[campaign] observed     engine idle after stop -> state=idle frame=0 simTime=0.000 dt=0.00000 scenario=loaded(Atacama Air Defense)
[campaign] teardown     host pid 24084 exit 3221225786 (on its own)
[campaign] teardown     recorder pid 38896 exit 0 (on its own)
[campaign] capture      read back: 48927 samples over 2 segment key(s) for 2 run segment(s), end_reason host_lost, conformant
[campaign] verdict      raid-leader-reaches-airfield       met                          t=48.599999999999376 closest_approach_m=2999.1365 within_m=3000 [RedUAV_N_01@1 line 40569, BlueBase_Airfield@1 line 40539]
[campaign] verdict      raid-leader-crosses-corridor       met                          t=33.650000000000226 closest_to_boundary_m=7.5450 polygon=4 vertices [RedUAV_N_01@1 line 28790]
[campaign] verdict      raid-leader-enters-depot-ring      met                          t=39.59999999999989 closest_to_boundary_m=4.3039 radius_m=5000 [RedUAV_N_01@1 line 33661]
[campaign] verdict      raid-leader-destroyed              NOT MET (as asserted)        removed_with=scenario_unload removal_reason=destroyed [RedUAV_N_01@1 line 49022]
[campaign] verdict      command-centre-destroyed           NOT MET (as asserted)        removed_with=scenario_unload removal_reason=destroyed [BlueBase_CommandCenter@1 line 48995]
[campaign] verdict      airfield-operational               met                          t=0.05 phase=operational equals=operational [BlueBase_Airfield@1 line 80]
[campaign] verdict      raid-leader-degraded               INDETERMINATE                health=nominal equals=degraded
[campaign] judge        satisfied 6, violated 0, indeterminate 1  (met 4, not met 2)
[campaign] record       C:\Projects\EXT-17\campaigns\m6-campaign\runs\011\run.json (pass)
[campaign] run          run 011 -> pass
[campaign] run          === run 012 : "Atacama Air Defense"  [red_raid_speed_ms = 190 m/s] ===
[campaign] start        recorder pid 9412 -> C:\Projects\EXT-17\campaigns\m6-campaign\runs\012
[campaign] connect      client created, message pump started
[campaign] start        host pid 16072 cwd C:\Projects\EXT-17\campaigns\m6-campaign\runs\012\host
[campaign] observed     host ready (engine state published) -> state=idle frame=0 simTime=0.000 dt=0.00000 scenario=(none)
[campaign] publish      sim/scenario/command load_scenario "Atacama Air Defense"
[campaign] observed     scenario loaded -> state=idle frame=0 simTime=0.000 dt=0.00000 scenario=loaded(Atacama Air Defense)
[campaign] axis         applying the after-load, before-start hook
[campaign] axis         red_raid_speed_ms = 190 m/s: published 30 of 30 entity update(s) before start
[campaign] publish      sim/engine/command start
[campaign] observed     engine running -> state=running frame=0 simTime=0.000 dt=0.00000 scenario=loaded(Atacama Air Defense)
[campaign] run          watching for: A run is finished when the engine's frame number, as published on sim/engine/state, reaches 1200.
[campaign] observed     stop predicate satisfied -> state=running frame=1200 simTime=60.000 dt=0.05000 scenario=loaded(Atacama Air Defense)
[campaign] publish      sim/engine/command stop
[campaign] observed     engine idle after stop -> state=idle frame=0 simTime=0.000 dt=0.00000 scenario=loaded(Atacama Air Defense)
[campaign] teardown     host pid 16072 exit 3221225786 (on its own)
[campaign] teardown     recorder pid 9412 exit 0 (on its own)
[campaign] capture      read back: 48273 samples over 2 segment key(s) for 2 run segment(s), end_reason host_lost, conformant
[campaign] verdict      raid-leader-reaches-airfield       met                          t=43.499999999999666 closest_approach_m=2998.5214 within_m=3000 [RedUAV_N_01@1 line 36019, BlueBase_Airfield@1 line 35987]
[campaign] verdict      raid-leader-crosses-corridor       met                          t=30.100000000000293 closest_to_boundary_m=6.0526 polygon=4 vertices [RedUAV_N_01@1 line 25778]
[campaign] verdict      raid-leader-enters-depot-ring      met                          t=35.40000000000013 closest_to_boundary_m=1.0773 radius_m=5000 [RedUAV_N_01@1 line 29941]
[campaign] verdict      raid-leader-destroyed              NOT MET (as asserted)        removed_with=scenario_unload removal_reason=destroyed [RedUAV_N_01@1 line 48400]
[campaign] verdict      command-centre-destroyed           NOT MET (as asserted)        removed_with=scenario_unload removal_reason=destroyed [BlueBase_CommandCenter@1 line 48375]
[campaign] verdict      airfield-operational               met                          t=0.05 phase=operational equals=operational [BlueBase_Airfield@1 line 84]
[campaign] verdict      raid-leader-degraded               INDETERMINATE                health=nominal equals=degraded
[campaign] judge        satisfied 6, violated 0, indeterminate 1  (met 4, not met 2)
[campaign] record       C:\Projects\EXT-17\campaigns\m6-campaign\runs\012\run.json (pass)
[campaign] run          run 012 -> pass
[campaign] run          === run 013 : "Atacama Air Defense"  [red_raid_speed_ms = 210 m/s] ===
[campaign] start        recorder pid 32788 -> C:\Projects\EXT-17\campaigns\m6-campaign\runs\013
[campaign] connect      client created, message pump started
[campaign] start        host pid 38036 cwd C:\Projects\EXT-17\campaigns\m6-campaign\runs\013\host
[campaign] observed     host ready (engine state published) -> state=idle frame=0 simTime=0.000 dt=0.00000 scenario=(none)
[campaign] publish      sim/scenario/command load_scenario "Atacama Air Defense"
[campaign] observed     scenario loaded -> state=idle frame=0 simTime=0.000 dt=0.00000 scenario=loaded(Atacama Air Defense)
[campaign] axis         applying the after-load, before-start hook
[campaign] axis         red_raid_speed_ms = 210 m/s: published 30 of 30 entity update(s) before start
[campaign] publish      sim/engine/command start
[campaign] observed     engine running -> state=running frame=0 simTime=0.000 dt=0.00000 scenario=loaded(Atacama Air Defense)
[campaign] run          watching for: A run is finished when the engine's frame number, as published on sim/engine/state, reaches 1200.
[campaign] observed     stop predicate satisfied -> state=running frame=1200 simTime=60.000 dt=0.05000 scenario=loaded(Atacama Air Defense)
[campaign] publish      sim/engine/command stop
[campaign] observed     engine idle after stop -> state=idle frame=0 simTime=0.000 dt=0.00000 scenario=loaded(Atacama Air Defense)
[campaign] teardown     host pid 38036 exit 3221225786 (on its own)
[campaign] teardown     recorder pid 32788 exit 0 (on its own)
[campaign] capture      read back: 47866 samples over 2 segment key(s) for 2 run segment(s), end_reason host_lost, conformant
[campaign] FAIL         judge: no segment classified running, so nothing in this capture can be judged: sim_time_s does not order the samples of a frozen segment, and the sampling gap a not-met verdict is bounded against cannot be measured. This is not a determinism failure and it is not a failing scenario
[campaign] verdict      raid-leader-reaches-airfield       INDETERMINATE
[campaign] verdict      raid-leader-crosses-corridor       INDETERMINATE
[campaign] verdict      raid-leader-enters-depot-ring      INDETERMINATE
[campaign] verdict      raid-leader-destroyed              INDETERMINATE
[campaign] verdict      command-centre-destroyed           INDETERMINATE
[campaign] verdict      airfield-operational               INDETERMINATE
[campaign] verdict      raid-leader-degraded               INDETERMINATE
[campaign] judge        satisfied 0, violated 0, indeterminate 7  (met 0, not met 0)
[campaign] record       C:\Projects\EXT-17\campaigns\m6-campaign\runs\013\run.json (infrastructure_error)
[campaign] run          run 013 -> infrastructure_error
[campaign] run          === run 014 : "Atacama Air Defense"  [red_raid_speed_ms = 240 m/s] ===
[campaign] start        recorder pid 27968 -> C:\Projects\EXT-17\campaigns\m6-campaign\runs\014
[campaign] connect      client created, message pump started
[campaign] start        host pid 36008 cwd C:\Projects\EXT-17\campaigns\m6-campaign\runs\014\host
[campaign] observed     host ready (engine state published) -> state=idle frame=0 simTime=0.000 dt=0.00000 scenario=(none)
[campaign] publish      sim/scenario/command load_scenario "Atacama Air Defense"
[campaign] observed     scenario loaded -> state=idle frame=0 simTime=0.000 dt=0.00000 scenario=loaded(Atacama Air Defense)
[campaign] axis         applying the after-load, before-start hook
[campaign] axis         red_raid_speed_ms = 240 m/s: published 30 of 30 entity update(s) before start
[campaign] publish      sim/engine/command start
[campaign] observed     engine running -> state=running frame=0 simTime=0.000 dt=0.00000 scenario=loaded(Atacama Air Defense)
[campaign] run          watching for: A run is finished when the engine's frame number, as published on sim/engine/state, reaches 1200.
[campaign] observed     stop predicate satisfied -> state=running frame=1200 simTime=60.000 dt=0.05000 scenario=loaded(Atacama Air Defense)
[campaign] publish      sim/engine/command stop
[campaign] observed     engine idle after stop -> state=idle frame=0 simTime=0.000 dt=0.00000 scenario=loaded(Atacama Air Defense)
[campaign] teardown     host pid 36008 exit 3221225786 (on its own)
[campaign] teardown     recorder pid 27968 exit 0 (on its own)
[campaign] capture      read back: 47916 samples over 2 segment key(s) for 2 run segment(s), end_reason host_lost, conformant
[campaign] verdict      raid-leader-reaches-airfield       met                          t=34.45000000000018 closest_approach_m=2997.9091 within_m=3000 [RedUAV_N_01@1 line 28789, BlueBase_Airfield@1 line 28756]
[campaign] verdict      raid-leader-crosses-corridor       met                          t=23.850000000000204 closest_to_boundary_m=11.0271 polygon=4 vertices [RedUAV_N_01@1 line 20343]
[campaign] verdict      raid-leader-enters-depot-ring      met                          t=28.050000000000264 closest_to_boundary_m=4.3039 radius_m=5000 [RedUAV_N_01@1 line 23720]
[campaign] verdict      raid-leader-destroyed              NOT MET (as asserted)        removed_with=scenario_unload removal_reason=destroyed [RedUAV_N_01@1 line 48030]
[campaign] verdict      command-centre-destroyed           NOT MET (as asserted)        removed_with=scenario_unload removal_reason=destroyed [BlueBase_CommandCenter@1 line 48004]
[campaign] verdict      airfield-operational               met                          t=0.05 phase=operational equals=operational [BlueBase_Airfield@1 line 45]
[campaign] verdict      raid-leader-degraded               INDETERMINATE                health=nominal equals=degraded
[campaign] judge        satisfied 6, violated 0, indeterminate 1  (met 4, not met 2)
[campaign] record       C:\Projects\EXT-17\campaigns\m6-campaign\runs\014\run.json (pass)
[campaign] run          run 014 -> pass
[campaign] run          === run 015 : "Atacama Air Defense"  [red_raid_speed_ms = 270 m/s] ===
[campaign] start        recorder pid 14796 -> C:\Projects\EXT-17\campaigns\m6-campaign\runs\015
[campaign] connect      client created, message pump started
[campaign] start        host pid 11284 cwd C:\Projects\EXT-17\campaigns\m6-campaign\runs\015\host
[campaign] observed     host ready (engine state published) -> state=idle frame=0 simTime=0.000 dt=0.00000 scenario=(none)
[campaign] publish      sim/scenario/command load_scenario "Atacama Air Defense"
[campaign] observed     scenario loaded -> state=idle frame=0 simTime=0.000 dt=0.00000 scenario=loaded(Atacama Air Defense)
[campaign] axis         applying the after-load, before-start hook
[campaign] axis         red_raid_speed_ms = 270 m/s: published 30 of 30 entity update(s) before start
[campaign] publish      sim/engine/command start
[campaign] observed     engine running -> state=running frame=0 simTime=0.000 dt=0.00000 scenario=loaded(Atacama Air Defense)
[campaign] run          watching for: A run is finished when the engine's frame number, as published on sim/engine/state, reaches 1200.
[campaign] observed     stop predicate satisfied -> state=running frame=1200 simTime=60.000 dt=0.05000 scenario=loaded(Atacama Air Defense)
[campaign] publish      sim/engine/command stop
[campaign] observed     engine idle after stop -> state=idle frame=0 simTime=0.000 dt=0.00000 scenario=loaded(Atacama Air Defense)
[campaign] teardown     host pid 11284 exit 3221225786 (on its own)
[campaign] teardown     recorder pid 14796 exit 0 (on its own)
[campaign] capture      read back: 50275 samples over 2 segment key(s) for 2 run segment(s), end_reason host_lost, conformant
[campaign] verdict      raid-leader-reaches-airfield       met                          t=30.6000000000003 closest_approach_m=2999.1365 within_m=3000 [RedUAV_N_01@1 line 26115, BlueBase_Airfield@1 line 26079]
[campaign] verdict      raid-leader-crosses-corridor       met                          t=21.200000000000166 closest_to_boundary_m=11.0271 polygon=4 vertices [RedUAV_N_01@1 line 18238]
[campaign] verdict      raid-leader-enters-depot-ring      met                          t=24.95000000000022 closest_to_boundary_m=6.7204 radius_m=5000 [RedUAV_N_01@1 line 21356]
[campaign] verdict      raid-leader-destroyed              NOT MET (as asserted)        removed_with=scenario_unload removal_reason=destroyed [RedUAV_N_01@1 line 50387]
[campaign] verdict      command-centre-destroyed           NOT MET (as asserted)        removed_with=scenario_unload removal_reason=destroyed [BlueBase_CommandCenter@1 line 50360]
[campaign] verdict      airfield-operational               met                          t=0.05 phase=operational equals=operational [BlueBase_Airfield@1 line 87]
[campaign] verdict      raid-leader-degraded               INDETERMINATE                health=nominal equals=degraded
[campaign] judge        satisfied 6, violated 0, indeterminate 1  (met 4, not met 2)
[campaign] record       C:\Projects\EXT-17\campaigns\m6-campaign\runs\015\run.json (pass)
[campaign] run          run 015 -> pass
[campaign] run          === run 016 : "Atacama Air Defense"  [red_raid_speed_ms = 300 m/s] ===
[campaign] start        recorder pid 40172 -> C:\Projects\EXT-17\campaigns\m6-campaign\runs\016
[campaign] connect      client created, message pump started
[campaign] start        host pid 35052 cwd C:\Projects\EXT-17\campaigns\m6-campaign\runs\016\host
[campaign] observed     host ready (engine state published) -> state=idle frame=0 simTime=0.000 dt=0.00000 scenario=(none)
[campaign] publish      sim/scenario/command load_scenario "Atacama Air Defense"
[campaign] observed     scenario loaded -> state=idle frame=0 simTime=0.000 dt=0.00000 scenario=loaded(Atacama Air Defense)
[campaign] axis         applying the after-load, before-start hook
[campaign] axis         red_raid_speed_ms = 300 m/s: published 30 of 30 entity update(s) before start
[campaign] publish      sim/engine/command start
[campaign] observed     engine running -> state=running frame=0 simTime=0.000 dt=0.00000 scenario=loaded(Atacama Air Defense)
[campaign] run          watching for: A run is finished when the engine's frame number, as published on sim/engine/state, reaches 1200.
[campaign] observed     stop predicate satisfied -> state=running frame=1200 simTime=60.000 dt=0.05000 scenario=loaded(Atacama Air Defense)
[campaign] publish      sim/engine/command stop
[campaign] observed     engine idle after stop -> state=idle frame=0 simTime=0.000 dt=0.00000 scenario=loaded(Atacama Air Defense)
[campaign] teardown     host pid 35052 exit 3221225786 (on its own)
[campaign] teardown     recorder pid 40172 exit 0 (on its own)
[campaign] capture      read back: 47990 samples over 2 segment key(s) for 2 run segment(s), end_reason host_lost, conformant
[campaign] verdict      raid-leader-reaches-airfield       met                          t=27.550000000000257 closest_approach_m=2998.5214 within_m=3000 [RedUAV_N_01@1 line 23410, BlueBase_Airfield@1 line 23375]
[campaign] verdict      raid-leader-crosses-corridor       met                          t=19.050000000000136 closest_to_boundary_m=2.0731 polygon=4 vertices [RedUAV_N_01@1 line 16382]
[campaign] verdict      raid-leader-enters-depot-ring      met                          t=22.450000000000184 closest_to_boundary_m=5.9152 radius_m=5000 [RedUAV_N_01@1 line 19148]
[campaign] verdict      raid-leader-destroyed              NOT MET (as asserted)        removed_with=scenario_unload removal_reason=destroyed [RedUAV_N_01@1 line 48074]
[campaign] verdict      command-centre-destroyed           NOT MET (as asserted)        removed_with=scenario_unload removal_reason=destroyed [BlueBase_CommandCenter@1 line 48048]
[campaign] verdict      airfield-operational               met                          t=0.05 phase=operational equals=operational [BlueBase_Airfield@1 line 45]
[campaign] verdict      raid-leader-degraded               INDETERMINATE                health=nominal equals=degraded
[campaign] judge        satisfied 6, violated 0, indeterminate 1  (met 4, not met 2)
[campaign] record       C:\Projects\EXT-17\campaigns\m6-campaign\runs\016\run.json (pass)
[campaign] run          run 016 -> pass
[campaign] run          === run 017 : "Atacama Air Defense"  [red_raid_speed_ms = 330 m/s] ===
[campaign] start        recorder pid 34536 -> C:\Projects\EXT-17\campaigns\m6-campaign\runs\017
[campaign] connect      client created, message pump started
[campaign] start        host pid 38016 cwd C:\Projects\EXT-17\campaigns\m6-campaign\runs\017\host
[campaign] observed     host ready (engine state published) -> state=idle frame=0 simTime=0.000 dt=0.00000 scenario=(none)
[campaign] publish      sim/scenario/command load_scenario "Atacama Air Defense"
[campaign] observed     scenario loaded -> state=idle frame=0 simTime=0.000 dt=0.00000 scenario=loaded(Atacama Air Defense)
[campaign] axis         applying the after-load, before-start hook
[campaign] axis         red_raid_speed_ms = 330 m/s: published 30 of 30 entity update(s) before start
[campaign] publish      sim/engine/command start
[campaign] observed     engine running -> state=running frame=0 simTime=0.000 dt=0.00000 scenario=loaded(Atacama Air Defense)
[campaign] run          watching for: A run is finished when the engine's frame number, as published on sim/engine/state, reaches 1200.
[campaign] observed     stop predicate satisfied -> state=running frame=1200 simTime=60.000 dt=0.05000 scenario=loaded(Atacama Air Defense)
[campaign] publish      sim/engine/command stop
[campaign] observed     engine idle after stop -> state=idle frame=0 simTime=0.000 dt=0.00000 scenario=loaded(Atacama Air Defense)
[campaign] teardown     host pid 38016 exit 3221225786 (on its own)
[campaign] teardown     recorder pid 34536 exit 0 (on its own)
[campaign] capture      read back: 48274 samples over 2 segment key(s) for 2 run segment(s), end_reason host_lost, conformant
[campaign] verdict      raid-leader-reaches-airfield       met                          t=25.05000000000022 closest_approach_m=2998.2148 within_m=3000 [RedUAV_N_01@1 line 21184, BlueBase_Airfield@1 line 21151]
[campaign] verdict      raid-leader-crosses-corridor       met                          t=17.35000000000011 closest_to_boundary_m=12.5194 polygon=4 vertices [RedUAV_N_01@1 line 14836]
[campaign] verdict      raid-leader-enters-depot-ring      met                          t=20.400000000000155 closest_to_boundary_m=4.3039 radius_m=5000 [RedUAV_N_01@1 line 17314]
[campaign] verdict      raid-leader-destroyed              NOT MET (as asserted)        removed_with=scenario_unload removal_reason=destroyed [RedUAV_N_01@1 line 48380]
[campaign] verdict      command-centre-destroyed           NOT MET (as asserted)        removed_with=scenario_unload removal_reason=destroyed [BlueBase_CommandCenter@1 line 48354]
[campaign] verdict      airfield-operational               met                          t=0.05 phase=operational equals=operational [BlueBase_Airfield@1 line 45]
[campaign] verdict      raid-leader-degraded               INDETERMINATE                health=nominal equals=degraded
[campaign] judge        satisfied 6, violated 0, indeterminate 1  (met 4, not met 2)
[campaign] record       C:\Projects\EXT-17\campaigns\m6-campaign\runs\017\run.json (pass)
[campaign] run          run 017 -> pass
[campaign] run          === run 018 : "Atacama Air Defense"  [red_raid_speed_ms = 355 m/s] ===
[campaign] start        recorder pid 35320 -> C:\Projects\EXT-17\campaigns\m6-campaign\runs\018
[campaign] connect      client created, message pump started
[campaign] start        host pid 14948 cwd C:\Projects\EXT-17\campaigns\m6-campaign\runs\018\host
[campaign] observed     host ready (engine state published) -> state=idle frame=0 simTime=0.000 dt=0.00000 scenario=(none)
[campaign] publish      sim/scenario/command load_scenario "Atacama Air Defense"
[campaign] observed     scenario loaded -> state=idle frame=0 simTime=0.000 dt=0.00000 scenario=loaded(Atacama Air Defense)
[campaign] axis         applying the after-load, before-start hook
[campaign] axis         red_raid_speed_ms = 355 m/s: published 30 of 30 entity update(s) before start
[campaign] publish      sim/engine/command start
[campaign] observed     engine running -> state=running frame=0 simTime=0.000 dt=0.00000 scenario=loaded(Atacama Air Defense)
[campaign] run          watching for: A run is finished when the engine's frame number, as published on sim/engine/state, reaches 1200.
[campaign] observed     stop predicate satisfied -> state=running frame=1200 simTime=60.000 dt=0.05000 scenario=loaded(Atacama Air Defense)
[campaign] publish      sim/engine/command stop
[campaign] observed     engine idle after stop -> state=idle frame=0 simTime=0.000 dt=0.00000 scenario=loaded(Atacama Air Defense)
[campaign] teardown     host pid 14948 exit 3221225786 (on its own)
[campaign] teardown     recorder pid 35320 exit 0 (on its own)
[campaign] capture      read back: 47746 samples over 2 segment key(s) for 2 run segment(s), end_reason host_lost, conformant
[campaign] verdict      raid-leader-reaches-airfield       met                          t=23.300000000000196 closest_approach_m=2997.1983 within_m=3000 [RedUAV_N_01@1 line 19600, BlueBase_Airfield@1 line 19567]
[campaign] verdict      raid-leader-crosses-corridor       met                          t=16.100000000000094 closest_to_boundary_m=2.5705 polygon=4 vertices [RedUAV_N_01@1 line 13797]
[campaign] verdict      raid-leader-enters-depot-ring      met                          t=18.950000000000134 closest_to_boundary_m=1.7499 radius_m=5000 [RedUAV_N_01@1 line 16044]
[campaign] verdict      raid-leader-destroyed              NOT MET (as asserted)        removed_with=scenario_unload removal_reason=destroyed [RedUAV_N_01@1 line 47851]
[campaign] verdict      command-centre-destroyed           NOT MET (as asserted)        removed_with=scenario_unload removal_reason=destroyed [BlueBase_CommandCenter@1 line 47825]
[campaign] verdict      airfield-operational               met                          t=0.05 phase=operational equals=operational [BlueBase_Airfield@1 line 45]
[campaign] verdict      raid-leader-degraded               INDETERMINATE                health=nominal equals=degraded
[campaign] judge        satisfied 6, violated 0, indeterminate 1  (met 4, not met 2)
[campaign] record       C:\Projects\EXT-17\campaigns\m6-campaign\runs\018\run.json (pass)
[campaign] run          run 018 -> pass
[campaign] run          === run 019 : "Atacama Air Defense"  [red_raid_speed_ms = 380 m/s] ===
[campaign] start        recorder pid 21084 -> C:\Projects\EXT-17\campaigns\m6-campaign\runs\019
[campaign] connect      client created, message pump started
[campaign] start        host pid 11536 cwd C:\Projects\EXT-17\campaigns\m6-campaign\runs\019\host
[campaign] observed     host ready (engine state published) -> state=idle frame=0 simTime=0.000 dt=0.00000 scenario=(none)
[campaign] publish      sim/scenario/command load_scenario "Atacama Air Defense"
[campaign] observed     scenario loaded -> state=idle frame=0 simTime=0.000 dt=0.00000 scenario=loaded(Atacama Air Defense)
[campaign] axis         applying the after-load, before-start hook
[campaign] axis         red_raid_speed_ms = 380 m/s: published 30 of 30 entity update(s) before start
[campaign] publish      sim/engine/command start
[campaign] observed     engine running -> state=running frame=0 simTime=0.000 dt=0.00000 scenario=loaded(Atacama Air Defense)
[campaign] run          watching for: A run is finished when the engine's frame number, as published on sim/engine/state, reaches 1200.
[campaign] observed     stop predicate satisfied -> state=running frame=1200 simTime=60.000 dt=0.05000 scenario=loaded(Atacama Air Defense)
[campaign] publish      sim/engine/command stop
[campaign] observed     engine idle after stop -> state=idle frame=0 simTime=0.000 dt=0.00000 scenario=loaded(Atacama Air Defense)
[campaign] teardown     host pid 11536 exit 3221225786 (on its own)
[campaign] teardown     recorder pid 21084 exit 0 (on its own)
[campaign] capture      read back: 47929 samples over 2 segment key(s) for 2 run segment(s), end_reason host_lost, conformant
[campaign] verdict      raid-leader-reaches-airfield       met                          t=21.750000000000174 closest_approach_m=2998.5214 within_m=3000 [RedUAV_N_01@1 line 18412, BlueBase_Airfield@1 line 18379]
[campaign] verdict      raid-leader-crosses-corridor       met                          t=15.050000000000079 closest_to_boundary_m=6.0526 polygon=4 vertices [RedUAV_N_01@1 line 13019]
[campaign] verdict      raid-leader-enters-depot-ring      met                          t=17.700000000000117 closest_to_boundary_m=1.0773 radius_m=5000 [RedUAV_N_01@1 line 15115]
[campaign] verdict      raid-leader-destroyed              NOT MET (as asserted)        removed_with=scenario_unload removal_reason=destroyed [RedUAV_N_01@1 line 48031]
[campaign] verdict      command-centre-destroyed           NOT MET (as asserted)        removed_with=scenario_unload removal_reason=destroyed [BlueBase_CommandCenter@1 line 48005]
[campaign] verdict      airfield-operational               met                          t=0.05 phase=operational equals=operational [BlueBase_Airfield@1 line 45]
[campaign] verdict      raid-leader-degraded               INDETERMINATE                health=nominal equals=degraded
[campaign] judge        satisfied 6, violated 0, indeterminate 1  (met 4, not met 2)
[campaign] record       C:\Projects\EXT-17\campaigns\m6-campaign\runs\019\run.json (pass)
[campaign] run          run 019 -> pass
[campaign] campaign     summary -> C:\Projects\EXT-17\campaigns\m6-campaign\campaign.json
[campaign] sweep        
[campaign] sweep        SWEEP  red_raid_speed_ms  (m/s)  velocityNed magnitude, set before start  -  20 run(s), ordered by value
[campaign] sweep        
[campaign] sweep          value  run   outcome                   adds     keys   samples
[campaign] sweep          11     000   fail                         -        -     50534  (no bar - this run did not complete)
[campaign] sweep          22     001   fail                         -        -     50723  (no bar - this run did not complete)
[campaign] sweep          33     002   fail                         -        -     50447  (no bar - this run did not complete)
[campaign] sweep          44     003   fail                         -        -     50347  (no bar - this run did not complete)
[campaign] sweep          55     004   fail                         -        -     50410  (no bar - this run did not complete)
[campaign] sweep          70     005   fail                         -        -     50495  (no bar - this run did not complete)
[campaign] sweep          85     006   fail                         -        -     50240  (no bar - this run did not complete)
[campaign] sweep          100    007   fail                         -        -     49828  (no bar - this run did not complete)
[campaign] sweep          115    008   fail                         -        -     48970  (no bar - this run did not complete)
[campaign] sweep          130    009   fail                         -        -     48476  (no bar - this run did not complete)
[campaign] sweep          150    010   infrastructure_error         -        -     49007  (no bar - this run did not complete)
[campaign] sweep          170    011   pass                         -        -     48927  (no bar - this run did not complete)
[campaign] sweep          190    012   pass                         -        -     48273  (no bar - this run did not complete)
[campaign] sweep          210    013   infrastructure_error         -        -     47866  (no bar - this run did not complete)
[campaign] sweep          240    014   pass                         -        -     47916  (no bar - this run did not complete)
[campaign] sweep          270    015   pass                         -        -     50275  (no bar - this run did not complete)
[campaign] sweep          300    016   pass                         -        -     47990  (no bar - this run did not complete)
[campaign] sweep          330    017   pass                         -        -     48274  (no bar - this run did not complete)
[campaign] sweep          355    018   pass                         -        -     47746  (no bar - this run did not complete)
[campaign] sweep          380    019   pass                         -        -     47929  (no bar - this run did not complete)
[campaign] sweep        
[campaign] sweep          adds    entity_add records in the run's first RUNNING segment. Roster lifecycle agreed exactly across twenty identical runs (M2), so this column carries no publication-schedule spread
[campaign] sweep          keys    distinct (entity, occupancy) keys in that segment
[campaign] sweep          samples total samples in it. This one DOES carry the platform's publication-schedule spread, measured at 0.38% over twenty identical runs
[campaign] sweep        
[campaign] sweep          The determinism gate ran at red_raid_speed_ms = 55 and established determinism FOR THAT VALUE. It is one claim at a named point, not one per run.
[campaign] sweep        
[campaign] sweep        VERDICTS ACROSS THE SWEEP  -  one column per condition whose outcome CHANGES
[campaign] sweep        
[campaign] sweep          value  run   outcome               C1    C2    C3    C4    C5    C6   
[campaign] sweep          11     000   fail                  XX    XX    XX    OK    OK    OK  
[campaign] sweep          22     001   fail                  XX    XX    XX    OK    OK    OK  
[campaign] sweep          33     002   fail                  XX    XX    XX    OK    OK    OK  
[campaign] sweep          44     003   fail                  XX    XX    XX    OK    OK    OK  
[campaign] sweep          55     004   fail                  XX    XX    XX    OK    OK    OK  
[campaign] sweep          70     005   fail                  XX    XX    XX    OK    OK    OK  
[campaign] sweep          85     006   fail                  XX    XX    XX    OK    OK    OK  
[campaign] sweep          100    007   fail                  XX    OK    XX    OK    OK    OK  
[campaign] sweep          115    008   fail                  XX    OK    OK    OK    OK    OK  
[campaign] sweep          130    009   fail                  XX    OK    OK    OK    OK    OK  
[campaign] sweep          150    010   infrastructure_error  ??    ??    ??    ??    ??    ??  
[campaign] sweep          170    011   pass                  OK    OK    OK    OK    OK    OK  
[campaign] sweep          190    012   pass                  OK    OK    OK    OK    OK    OK  
[campaign] sweep          210    013   infrastructure_error  ??    ??    ??    ??    ??    ??  
[campaign] sweep          240    014   pass                  OK    OK    OK    OK    OK    OK  
[campaign] sweep          270    015   pass                  OK    OK    OK    OK    OK    OK  
[campaign] sweep          300    016   pass                  OK    OK    OK    OK    OK    OK  
[campaign] sweep          330    017   pass                  OK    OK    OK    OK    OK    OK  
[campaign] sweep          355    018   pass                  OK    OK    OK    OK    OK    OK  
[campaign] sweep          380    019   pass                  OK    OK    OK    OK    OK    OK  
[campaign] sweep        
[campaign] sweep          C1  raid-leader-reaches-airfield
[campaign] sweep          C2  raid-leader-crosses-corridor
[campaign] sweep          C3  raid-leader-enters-depot-ring
[campaign] sweep          C4  raid-leader-destroyed
[campaign] sweep          C5  command-centre-destroyed
[campaign] sweep          C6  airfield-operational
[campaign] sweep        
[campaign] sweep          OK  satisfied - the condition's answer was the asserted one
[campaign] sweep          XX  VIOLATED  - it was decided and was not. This is what makes a run fail
[campaign] sweep          ??  indeterminate - this capture cannot decide it. Never folded into either (CR-AS-4)
[campaign] sweep        
[campaign] sweep          Constant across the whole sweep, and therefore not a trend:
[campaign] sweep            raid-leader-degraded  -  undetermined / indeterminate
[campaign] sweep        
[campaign] campaign     20 run(s) attempted
[campaign] campaign       pass                  8
[campaign] campaign       fail                  10
[campaign] campaign       timeout               0
[campaign] campaign       infrastructure_error  2
[campaign] campaign       the four sum to 20, and no aggregate above merges two of them
[campaign] campaign       32 INDETERMINATE verdict(s) across the campaign - a verdict state, never a fifth run outcome. See each run's verdicts.jsonl.
