[campaign] spike        === v110 : does a Red raid at this speed still make sense; the scenario authors 55 m/s ===
[campaign] run          === run v110 : "Atacama Air Defense" ===
[campaign] start        recorder pid 33360 -> C:\Projects\EXT-17\campaigns\m5-oq4-repeat\v110
[campaign] connect      client created, message pump started
[campaign] start        host pid 31284 cwd C:\Projects\EXT-17\campaigns\m5-oq4-repeat\v110\host
[campaign] observed     host ready (engine state published) -> state=idle frame=0 simTime=0.000 dt=0.00000 scenario=(none)
[campaign] publish      sim/scenario/command load_scenario "Atacama Air Defense"
[campaign] observed     scenario loaded -> state=idle frame=0 simTime=0.000 dt=0.00000 scenario=loaded(Atacama Air Defense)
[campaign] axis         applying the after-load, before-start hook
[campaign] spike        set velocity on 30 of 30 Red UAV(s) before start
[campaign] publish      sim/engine/command start
[campaign] observed     engine running -> state=running frame=0 simTime=0.000 dt=0.00000 scenario=loaded(Atacama Air Defense)
[campaign] run          watching for: A run is finished when the engine's frame number, as published on sim/engine/state, reaches 1200.
[campaign] observed     stop predicate satisfied -> state=running frame=1200 simTime=60.000 dt=0.05000 scenario=loaded(Atacama Air Defense)
[campaign] publish      sim/engine/command stop
[campaign] observed     engine idle after stop -> state=idle frame=0 simTime=0.000 dt=0.00000 scenario=loaded(Atacama Air Defense)
[campaign] teardown     host pid 31284 exit 3221225786 (on its own)
[campaign] teardown     recorder pid 33360 exit 0 (on its own)
[campaign] capture      read back: 49190 samples over 2 segment key(s) for 2 run segment(s), end_reason host_lost, conformant
[campaign] record       C:\Projects\EXT-17\campaigns\m5-oq4-repeat\v110\run.json (completed)
[campaign] run          run v110 -> completed
[campaign] spike        === v110p1 : does a Red raid at this speed still make sense; the scenario authors 55 m/s ===
[campaign] run          === run v110p1 : "Atacama Air Defense" ===
[campaign] start        recorder pid 38256 -> C:\Projects\EXT-17\campaigns\m5-oq4-repeat\v110p1
[campaign] connect      client created, message pump started
[campaign] start        host pid 31312 cwd C:\Projects\EXT-17\campaigns\m5-oq4-repeat\v110p1\host
[campaign] observed     host ready (engine state published) -> state=idle frame=0 simTime=0.000 dt=0.00000 scenario=(none)
[campaign] publish      sim/scenario/command load_scenario "Atacama Air Defense"
[campaign] observed     scenario loaded -> state=idle frame=0 simTime=0.000 dt=0.00000 scenario=loaded(Atacama Air Defense)
[campaign] axis         applying the after-load, before-start hook
[campaign] spike        set velocity on 30 of 30 Red UAV(s) before start
[campaign] publish      sim/engine/command start
[campaign] observed     engine running -> state=running frame=0 simTime=0.000 dt=0.00000 scenario=loaded(Atacama Air Defense)
[campaign] run          watching for: A run is finished when the engine's frame number, as published on sim/engine/state, reaches 1200.
[campaign] observed     stop predicate satisfied -> state=running frame=1200 simTime=60.000 dt=0.05000 scenario=loaded(Atacama Air Defense)
[campaign] publish      sim/engine/command stop
[campaign] observed     engine idle after stop -> state=idle frame=0 simTime=0.000 dt=0.00000 scenario=loaded(Atacama Air Defense)
[campaign] teardown     host pid 31312 exit 3221225786 (on its own)
[campaign] teardown     recorder pid 38256 exit 0 (on its own)
[campaign] capture      read back: 49252 samples over 2 segment key(s) for 2 run segment(s), end_reason host_lost, conformant
[campaign] record       C:\Projects\EXT-17\campaigns\m5-oq4-repeat\v110p1\run.json (completed)
[campaign] run          run v110p1 -> completed
[campaign] spike        === v110p2 : does a Red raid at this speed still make sense; the scenario authors 55 m/s ===
[campaign] run          === run v110p2 : "Atacama Air Defense" ===
[campaign] start        recorder pid 37744 -> C:\Projects\EXT-17\campaigns\m5-oq4-repeat\v110p2
[campaign] connect      client created, message pump started
[campaign] start        host pid 5260 cwd C:\Projects\EXT-17\campaigns\m5-oq4-repeat\v110p2\host
[campaign] observed     host ready (engine state published) -> state=idle frame=0 simTime=0.000 dt=0.00000 scenario=(none)
[campaign] publish      sim/scenario/command load_scenario "Atacama Air Defense"
[campaign] observed     scenario loaded -> state=idle frame=0 simTime=0.000 dt=0.00000 scenario=loaded(Atacama Air Defense)
[campaign] axis         applying the after-load, before-start hook
[campaign] spike        set velocity on 30 of 30 Red UAV(s) before start
[campaign] publish      sim/engine/command start
[campaign] observed     engine running -> state=running frame=0 simTime=0.000 dt=0.00000 scenario=loaded(Atacama Air Defense)
[campaign] run          watching for: A run is finished when the engine's frame number, as published on sim/engine/state, reaches 1200.
[campaign] observed     stop predicate satisfied -> state=running frame=1200 simTime=60.000 dt=0.05000 scenario=loaded(Atacama Air Defense)
[campaign] publish      sim/engine/command stop
[campaign] observed     engine idle after stop -> state=idle frame=0 simTime=0.000 dt=0.00000 scenario=loaded(Atacama Air Defense)
[campaign] teardown     host pid 5260 exit 3221225786 (on its own)
[campaign] teardown     recorder pid 37744 exit 0 (on its own)
[campaign] capture      read back: 49633 samples over 2 segment key(s) for 2 run segment(s), end_reason host_lost, conformant
[campaign] record       C:\Projects\EXT-17\campaigns\m5-oq4-repeat\v110p2\run.json (completed)
[campaign] run          run v110p2 -> completed
[campaign] spike        === v110p3 : does a Red raid at this speed still make sense; the scenario authors 55 m/s ===
[campaign] run          === run v110p3 : "Atacama Air Defense" ===
[campaign] start        recorder pid 36764 -> C:\Projects\EXT-17\campaigns\m5-oq4-repeat\v110p3
[campaign] connect      client created, message pump started
[campaign] start        host pid 36188 cwd C:\Projects\EXT-17\campaigns\m5-oq4-repeat\v110p3\host
[campaign] observed     host ready (engine state published) -> state=idle frame=0 simTime=0.000 dt=0.00000 scenario=(none)
[campaign] publish      sim/scenario/command load_scenario "Atacama Air Defense"
[campaign] observed     scenario loaded -> state=idle frame=0 simTime=0.000 dt=0.00000 scenario=loaded(Atacama Air Defense)
[campaign] axis         applying the after-load, before-start hook
[campaign] spike        set velocity on 30 of 30 Red UAV(s) before start
[campaign] publish      sim/engine/command start
[campaign] observed     engine running -> state=running frame=0 simTime=0.000 dt=0.00000 scenario=loaded(Atacama Air Defense)
[campaign] run          watching for: A run is finished when the engine's frame number, as published on sim/engine/state, reaches 1200.
[campaign] observed     stop predicate satisfied -> state=running frame=1200 simTime=60.000 dt=0.05000 scenario=loaded(Atacama Air Defense)
[campaign] publish      sim/engine/command stop
[campaign] observed     engine idle after stop -> state=idle frame=0 simTime=0.000 dt=0.00000 scenario=loaded(Atacama Air Defense)
[campaign] teardown     host pid 36188 exit 3221225786 (on its own)
[campaign] teardown     recorder pid 36764 exit 0 (on its own)
[campaign] capture      read back: 49647 samples over 2 segment key(s) for 2 run segment(s), end_reason host_lost, conformant
[campaign] record       C:\Projects\EXT-17\campaigns\m5-oq4-repeat\v110p3\run.json (completed)
[campaign] run          run v110p3 -> completed
[campaign] spike        === v110p4 : does a Red raid at this speed still make sense; the scenario authors 55 m/s ===
[campaign] run          === run v110p4 : "Atacama Air Defense" ===
[campaign] start        recorder pid 36204 -> C:\Projects\EXT-17\campaigns\m5-oq4-repeat\v110p4
[campaign] connect      client created, message pump started
[campaign] start        host pid 12068 cwd C:\Projects\EXT-17\campaigns\m5-oq4-repeat\v110p4\host
[campaign] observed     host ready (engine state published) -> state=idle frame=0 simTime=0.000 dt=0.00000 scenario=(none)
[campaign] publish      sim/scenario/command load_scenario "Atacama Air Defense"
[campaign] observed     scenario loaded -> state=idle frame=0 simTime=0.000 dt=0.00000 scenario=loaded(Atacama Air Defense)
[campaign] axis         applying the after-load, before-start hook
[campaign] spike        set velocity on 30 of 30 Red UAV(s) before start
[campaign] publish      sim/engine/command start
[campaign] observed     engine running -> state=running frame=0 simTime=0.000 dt=0.00000 scenario=loaded(Atacama Air Defense)
[campaign] run          watching for: A run is finished when the engine's frame number, as published on sim/engine/state, reaches 1200.
[campaign] observed     stop predicate satisfied -> state=running frame=1200 simTime=60.000 dt=0.05000 scenario=loaded(Atacama Air Defense)
[campaign] publish      sim/engine/command stop
[campaign] observed     engine idle after stop -> state=idle frame=0 simTime=0.000 dt=0.00000 scenario=loaded(Atacama Air Defense)
[campaign] teardown     host pid 12068 exit 3221225786 (on its own)
[campaign] teardown     recorder pid 36204 exit 0 (on its own)
[campaign] capture      read back: 49076 samples over 2 segment key(s) for 2 run segment(s), end_reason host_lost, conformant
[campaign] record       C:\Projects\EXT-17\campaigns\m5-oq4-repeat\v110p4\run.json (completed)
[campaign] run          run v110p4 -> completed
[campaign] spike        === v110p5 : does a Red raid at this speed still make sense; the scenario authors 55 m/s ===
[campaign] run          === run v110p5 : "Atacama Air Defense" ===
[campaign] start        recorder pid 12636 -> C:\Projects\EXT-17\campaigns\m5-oq4-repeat\v110p5
[campaign] connect      client created, message pump started
[campaign] start        host pid 35692 cwd C:\Projects\EXT-17\campaigns\m5-oq4-repeat\v110p5\host
[campaign] observed     host ready (engine state published) -> state=idle frame=0 simTime=0.000 dt=0.00000 scenario=(none)
[campaign] publish      sim/scenario/command load_scenario "Atacama Air Defense"
[campaign] observed     scenario loaded -> state=idle frame=0 simTime=0.000 dt=0.00000 scenario=loaded(Atacama Air Defense)
[campaign] axis         applying the after-load, before-start hook
[campaign] spike        set velocity on 30 of 30 Red UAV(s) before start
[campaign] publish      sim/engine/command start
[campaign] observed     engine running -> state=running frame=0 simTime=0.000 dt=0.00000 scenario=loaded(Atacama Air Defense)
[campaign] run          watching for: A run is finished when the engine's frame number, as published on sim/engine/state, reaches 1200.
[campaign] observed     stop predicate satisfied -> state=running frame=1200 simTime=60.000 dt=0.05000 scenario=loaded(Atacama Air Defense)
[campaign] publish      sim/engine/command stop
[campaign] observed     engine idle after stop -> state=idle frame=0 simTime=0.000 dt=0.00000 scenario=loaded(Atacama Air Defense)
[campaign] teardown     host pid 35692 exit 3221225786 (on its own)
[campaign] teardown     recorder pid 12636 exit 0 (on its own)
[campaign] capture      read back: 49324 samples over 2 segment key(s) for 2 run segment(s), end_reason host_lost, conformant
[campaign] record       C:\Projects\EXT-17\campaigns\m5-oq4-repeat\v110p5\run.json (completed)
[campaign] run          run v110p5 -> completed
[campaign] spike        every probe completed
