[campaign] campaign     disk: projecting 670560000 bytes for 22 run(s) of 1200 frames at 25400 bytes/frame (including the self-test's 2 runs)
[campaign] campaign     disk: 340159299584 bytes free, ceiling 8589934592
[campaign] campaign     per-capture bound: 73200000 bytes, derived from 1200 frames. It is three times the measured per-frame capture cost, so a run that reaches it has overrun its projection rather than merely run.
[campaign] campaign     stop predicate: A run is finished when the engine's frame number, as published on sim/engine/state, reaches 1200.
[campaign] campaign     run timeout: 600000 ms (backstop; never the definition of the end)
[campaign] campaign     gate basis: bytes. OQ-2 is UNANSWERED - whether the gate is keyed on content or on bytes is out with the owner of the brief. Both comparisons are run and both are reported; the basis chooses which one decides.
[campaign] self-test    CR-DET-1: the same configuration, run twice, compared. [B] step 4 makes this a hard stop, so no campaign run is attempted until it passes.
[campaign] self-test    its two runs are NOT campaign runs. They land in C:\Projects\EXT-17\campaigns\m4-bytes\selftest\runs and are never counted among the campaign's outcomes.
[campaign] self-test    run 000 of 2
[campaign] run          === run 000 : "Atacama Air Defense" ===
[campaign] start        recorder pid 19248 -> C:\Projects\EXT-17\campaigns\m4-bytes\selftest\runs\000
[campaign] connect      client created, message pump started
[campaign] start        host pid 12256 cwd C:\Projects\EXT-17\campaigns\m4-bytes\selftest\runs\000\host
[campaign] observed     host ready (engine state published) -> state=idle frame=0 simTime=0.000 dt=0.00000 scenario=(none)
[campaign] publish      sim/scenario/command load_scenario "Atacama Air Defense"
[campaign] observed     scenario loaded -> state=idle frame=0 simTime=0.000 dt=0.00000 scenario=loaded(Atacama Air Defense)
[campaign] publish      sim/engine/command start
[campaign] observed     engine running -> state=running frame=0 simTime=0.000 dt=0.00000 scenario=loaded(Atacama Air Defense)
[campaign] run          watching for: A run is finished when the engine's frame number, as published on sim/engine/state, reaches 1200.
[campaign] observed     stop predicate satisfied -> state=running frame=1200 simTime=60.000 dt=0.05000 scenario=loaded(Atacama Air Defense)
[campaign] publish      sim/engine/command stop
[campaign] observed     engine idle after stop -> state=idle frame=0 simTime=0.000 dt=0.00000 scenario=loaded(Atacama Air Defense)
[campaign] teardown     host pid 12256 exit 3221225786 (on its own)
[campaign] teardown     recorder pid 19248 exit 0 (on its own)
[campaign] capture      read back: 50428 samples over 2 segment key(s) for 2 run segment(s), end_reason host_lost, conformant
[campaign] record       C:\Projects\EXT-17\campaigns\m4-bytes\selftest\runs\000\run.json (completed)
[campaign] run          run 000 -> completed
[campaign] self-test    run 001 of 2
[campaign] run          === run 001 : "Atacama Air Defense" ===
[campaign] start        recorder pid 38476 -> C:\Projects\EXT-17\campaigns\m4-bytes\selftest\runs\001
[campaign] connect      client created, message pump started
[campaign] start        host pid 21812 cwd C:\Projects\EXT-17\campaigns\m4-bytes\selftest\runs\001\host
[campaign] observed     host ready (engine state published) -> state=idle frame=0 simTime=0.000 dt=0.00000 scenario=(none)
[campaign] publish      sim/scenario/command load_scenario "Atacama Air Defense"
[campaign] observed     scenario loaded -> state=idle frame=0 simTime=0.000 dt=0.00000 scenario=loaded(Atacama Air Defense)
[campaign] publish      sim/engine/command start
[campaign] observed     engine running -> state=running frame=0 simTime=0.000 dt=0.00000 scenario=loaded(Atacama Air Defense)
[campaign] run          watching for: A run is finished when the engine's frame number, as published on sim/engine/state, reaches 1200.
[campaign] observed     stop predicate satisfied -> state=running frame=1200 simTime=60.000 dt=0.05000 scenario=loaded(Atacama Air Defense)
[campaign] publish      sim/engine/command stop
[campaign] observed     engine idle after stop -> state=idle frame=0 simTime=0.000 dt=0.00000 scenario=loaded(Atacama Air Defense)
[campaign] teardown     host pid 21812 exit 3221225786 (on its own)
[campaign] teardown     recorder pid 38476 exit 0 (on its own)
[campaign] capture      read back: 50404 samples over 2 segment key(s) for 2 run segment(s), end_reason host_lost, conformant
[campaign] record       C:\Projects\EXT-17\campaigns\m4-bytes\selftest\runs\001\run.json (completed)
[campaign] run          run 001 -> completed
[campaign] self-test    determinism self-test
[campaign] self-test      runs                  000  against  001
[campaign] self-test      gate basis            bytes   (ADR-1: the content basis is THIS PROJECT'S decision, not the client's)
[campaign] self-test      OQ-2                  UNANSWERED. Whether the gate is keyed on content or on bytes is out with the
[campaign] self-test                            owner of the brief and has not been ruled on. Both comparisons are run and
[campaign] self-test                            reported below; the basis above chooses which one decides, and nothing else.
[campaign] self-test    
[campaign] self-test      content comparison    PASS
[campaign] self-test        compared            (part 0, segment 0)  running in both, 47 entity key(s)
[campaign] self-test        excluded            (part 0, segment 1)  clock is indeterminate in 000 and indeterminate in 001; only a running segment can be aligned across two runs
[campaign] self-test                              0 and 0 sample(s) in it were not compared
[campaign] self-test        compared            50361 sample(s)
[campaign] self-test        agree               50361
[campaign] self-test        differ              0
[campaign] self-test        present in one only 000: 67   001: 43   (not differences - see verdict)
[campaign] self-test        coverage            99.9147% of the smaller run's comparable samples (50361 of 50404), floor 99.0000%
[campaign] self-test        verdict             every sample present in BOTH runs at the same simulation instant agrees. This is not a claim that the two captures are identical: 67 sample(s) were present only in 000 and 43 only in 001, which is the publication schedule and not the simulation (§14).
[campaign] self-test    
[campaign] self-test      byte comparison       DIFFER
[campaign] self-test        sizes               24311271 and 24301091 byte(s)
[campaign] self-test        first difference    byte 238513, line 550
[campaign] self-test        headers             byte-identical
[campaign] self-test        model_path          EXCLUDED per format §14; it was identical here, so the exclusion changed nothing
[campaign] self-test        status              EXPECTED TO FAIL on this platform, and not a defect. The host publishes a
[campaign] self-test                            different subset of frames every run (§14). Nothing here is normalised,
[campaign] self-test                            filtered or masked beyond the one field §14 names — a comparison made to
[campaign] self-test                            pass by construction would measure nothing (ADR-1).
[campaign] self-test    
[campaign] self-test      result equality       outcomes completed and completed — AGREE
[campaign] self-test        verdicts            0 and 0 — agree. Vacuous at M4: no conditions are declared, so no run produces a verdict. The line becomes substantive at M6.
[campaign] self-test    
[campaign] self-test      GATE                  FAIL   on the bytes basis
[campaign] self-test                            the two captures are not byte-identical. Measured on this platform and expected: the host publishes a slightly different subset of frames every run (§14). Under this gate basis the campaign stops.
[campaign] campaign     self-test -> C:\Projects\EXT-17\campaigns\m4-bytes\selftest\self-test.json
[campaign] campaign     self-test: failed
[campaign] campaign     the determinism self-test did not pass, so NO campaign run has been attempted. [B] step 4: "Do not build further until it passes." The reason is in C:\Projects\EXT-17\campaigns\m4-bytes\selftest\self-test.json under "outcome" and "detail".
