[campaign] campaign     disk: projecting 1200000 bytes for 4 run(s) of 300 frames at 1000 bytes/frame
[campaign] campaign     disk: 340499263488 bytes free, ceiling 10000000
[campaign] campaign     per-capture bound: 18300000 bytes, derived from 300 frames. It is three times the measured per-frame capture cost, so a run that reaches it has overrun its projection rather than merely run.
[campaign] campaign     stop predicate: A run is finished when the engine's frame number, as published on sim/engine/state, reaches 300.
[campaign] campaign     run timeout: 600000 ms (backstop; never the definition of the end)
[campaign] run          === run 000 : "Atacama Air Defense" ===
[campaign] start        recorder pid 12380 -> C:\Projects\EXT-17\campaigns\m3-oq6\ceiling\runs\000
[campaign] connect      client created, message pump started
[campaign] start        host pid 34256 cwd C:\Projects\EXT-17\campaigns\m3-oq6\ceiling\runs\000\host
[campaign] observed     host ready (engine state published) -> state=idle frame=0 simTime=0.000 dt=0.00000 scenario=(none)
[campaign] publish      sim/scenario/command load_scenario "Atacama Air Defense"
[campaign] observed     scenario loaded -> state=idle frame=0 simTime=0.000 dt=0.00000 scenario=loaded(Atacama Air Defense)
[campaign] publish      sim/engine/command start
[campaign] observed     engine running -> state=running frame=0 simTime=0.000 dt=0.00000 scenario=loaded(Atacama Air Defense)
[campaign] run          watching for: A run is finished when the engine's frame number, as published on sim/engine/state, reaches 300.
[campaign] observed     stop predicate satisfied -> state=running frame=300 simTime=15.000 dt=0.05000 scenario=loaded(Atacama Air Defense)
[campaign] publish      sim/engine/command stop
[campaign] observed     engine idle after stop -> state=idle frame=0 simTime=0.000 dt=0.00000 scenario=loaded(Atacama Air Defense)
[campaign] teardown     host pid 34256 exit 3221225786 (on its own)
[campaign] teardown     recorder pid 12380 exit 0 (on its own)
[campaign] capture      read back: 12924 samples over 2 segment key(s), end_reason host_lost, conformant
[campaign] record       C:\Projects\EXT-17\campaigns\m3-oq6\ceiling\runs\000\run.json (completed)
[campaign] run          run 000 -> completed
[campaign] run          === run 001 : "Atacama Air Defense" ===
[campaign] start        recorder pid 19948 -> C:\Projects\EXT-17\campaigns\m3-oq6\ceiling\runs\001
[campaign] connect      client created, message pump started
[campaign] start        host pid 16592 cwd C:\Projects\EXT-17\campaigns\m3-oq6\ceiling\runs\001\host
[campaign] observed     host ready (engine state published) -> state=idle frame=0 simTime=0.000 dt=0.00000 scenario=(none)
[campaign] publish      sim/scenario/command load_scenario "Atacama Air Defense"
[campaign] observed     scenario loaded -> state=idle frame=0 simTime=0.000 dt=0.00000 scenario=loaded(Atacama Air Defense)
[campaign] publish      sim/engine/command start
[campaign] observed     engine running -> state=running frame=0 simTime=0.000 dt=0.00000 scenario=loaded(Atacama Air Defense)
[campaign] run          watching for: A run is finished when the engine's frame number, as published on sim/engine/state, reaches 300.
[campaign] observed     stop predicate satisfied -> state=running frame=300 simTime=15.000 dt=0.05000 scenario=loaded(Atacama Air Defense)
[campaign] publish      sim/engine/command stop
[campaign] observed     engine idle after stop -> state=idle frame=0 simTime=0.000 dt=0.00000 scenario=loaded(Atacama Air Defense)
[campaign] teardown     host pid 16592 exit 3221225786 (on its own)
[campaign] teardown     recorder pid 19948 exit 0 (on its own)
[campaign] capture      read back: 12846 samples over 2 segment key(s), end_reason host_lost, conformant
[campaign] record       C:\Projects\EXT-17\campaigns\m3-oq6\ceiling\runs\001\run.json (completed)
[campaign] run          run 001 -> completed
[campaign] campaign     disk ceiling reached: 15421214 bytes used of a 10000000 byte ceiling. Stopping after run 001 of 4; every completed run remains valid and readable.
[campaign] campaign     summary -> C:\Projects\EXT-17\campaigns\m3-oq6\ceiling\campaign.json
[campaign] campaign     2 of 2 runs completed
